Archive member included to satisfy reference by file (symbol)

/Users/atakane/opt/gcc-arm-none-eabi-8-2018-q4-major/bin/../lib/gcc/arm-none-eabi/8.2.1/thumb/v7-m/nofp/libgcc.a(_aeabi_uldivmod.o)
                              ./ioLibrary_Driver/Internet/SNTP/sntp.o (__aeabi_uldivmod)
/Users/atakane/opt/gcc-arm-none-eabi-8-2018-q4-major/bin/../lib/gcc/arm-none-eabi/8.2.1/thumb/v7-m/nofp/libgcc.a(_udivmoddi4.o)
                              /Users/atakane/opt/gcc-arm-none-eabi-8-2018-q4-major/bin/../lib/gcc/arm-none-eabi/8.2.1/thumb/v7-m/nofp/libgcc.a(_aeabi_uldivmod.o) (__udivmoddi4)
/Users/atakane/opt/gcc-arm-none-eabi-8-2018-q4-major/bin/../lib/gcc/arm-none-eabi/8.2.1/thumb/v7-m/nofp/libgcc.a(_dvmd_tls.o)
                              /Users/atakane/opt/gcc-arm-none-eabi-8-2018-q4-major/bin/../lib/gcc/arm-none-eabi/8.2.1/thumb/v7-m/nofp/libgcc.a(_aeabi_uldivmod.o) (__aeabi_ldiv0)
/Users/atakane/opt/gcc-arm-none-eabi-8-2018-q4-major/bin/../lib/gcc/arm-none-eabi/8.2.1/../../../../arm-none-eabi/lib/thumb/v7-m/nofp/libg_nano.a(lib_a-atoi.o)
                              ./ioLibrary_Driver/Internet/FTPServer/ftpd.o (atoi)
/Users/atakane/opt/gcc-arm-none-eabi-8-2018-q4-major/bin/../lib/gcc/arm-none-eabi/8.2.1/../../../../arm-none-eabi/lib/thumb/v7-m/nofp/libg_nano.a(lib_a-ctype_.o)
                              ./ioLibrary_Driver/Internet/SNMP/snmp.o (_ctype_)
/Users/atakane/opt/gcc-arm-none-eabi-8-2018-q4-major/bin/../lib/gcc/arm-none-eabi/8.2.1/../../../../arm-none-eabi/lib/thumb/v7-m/nofp/libg_nano.a(lib_a-errno.o)
                              ./system/src/newlib/_sbrk.o (__errno)
/Users/atakane/opt/gcc-arm-none-eabi-8-2018-q4-major/bin/../lib/gcc/arm-none-eabi/8.2.1/../../../../arm-none-eabi/lib/thumb/v7-m/nofp/libg_nano.a(lib_a-impure.o)
                              /Users/atakane/opt/gcc-arm-none-eabi-8-2018-q4-major/bin/../lib/gcc/arm-none-eabi/8.2.1/../../../../arm-none-eabi/lib/thumb/v7-m/nofp/libg_nano.a(lib_a-errno.o) (_impure_ptr)
/Users/atakane/opt/gcc-arm-none-eabi-8-2018-q4-major/bin/../lib/gcc/arm-none-eabi/8.2.1/../../../../arm-none-eabi/lib/thumb/v7-m/nofp/libg_nano.a(lib_a-malloc.o)
                              ./ioLibrary_Driver/Internet/httpServer/httpServer.o (malloc)
/Users/atakane/opt/gcc-arm-none-eabi-8-2018-q4-major/bin/../lib/gcc/arm-none-eabi/8.2.1/../../../../arm-none-eabi/lib/thumb/v7-m/nofp/libg_nano.a(lib_a-memcmp.o)
                              ./ioLibrary_Driver/Internet/SNMP/snmp.o (memcmp)
/Users/atakane/opt/gcc-arm-none-eabi-8-2018-q4-major/bin/../lib/gcc/arm-none-eabi/8.2.1/../../../../arm-none-eabi/lib/thumb/v7-m/nofp/libg_nano.a(lib_a-memcpy-stub.o)
                              ./src/main.o (memcpy)
/Users/atakane/opt/gcc-arm-none-eabi-8-2018-q4-major/bin/../lib/gcc/arm-none-eabi/8.2.1/../../../../arm-none-eabi/lib/thumb/v7-m/nofp/libg_nano.a(lib_a-memset.o)
                              ./src/main.o (memset)
/Users/atakane/opt/gcc-arm-none-eabi-8-2018-q4-major/bin/../lib/gcc/arm-none-eabi/8.2.1/../../../../arm-none-eabi/lib/thumb/v7-m/nofp/libg_nano.a(lib_a-nano-freer.o)
                              /Users/atakane/opt/gcc-arm-none-eabi-8-2018-q4-major/bin/../lib/gcc/arm-none-eabi/8.2.1/../../../../arm-none-eabi/lib/thumb/v7-m/nofp/libg_nano.a(lib_a-malloc.o) (_free_r)
/Users/atakane/opt/gcc-arm-none-eabi-8-2018-q4-major/bin/../lib/gcc/arm-none-eabi/8.2.1/../../../../arm-none-eabi/lib/thumb/v7-m/nofp/libg_nano.a(lib_a-nano-mallocr.o)
                              /Users/atakane/opt/gcc-arm-none-eabi-8-2018-q4-major/bin/../lib/gcc/arm-none-eabi/8.2.1/../../../../arm-none-eabi/lib/thumb/v7-m/nofp/libg_nano.a(lib_a-malloc.o) (_malloc_r)
/Users/atakane/opt/gcc-arm-none-eabi-8-2018-q4-major/bin/../lib/gcc/arm-none-eabi/8.2.1/../../../../arm-none-eabi/lib/thumb/v7-m/nofp/libg_nano.a(lib_a-printf.o)
                              ./ioLibrary_Driver/Internet/httpServer/httpServer.o (printf)
/Users/atakane/opt/gcc-arm-none-eabi-8-2018-q4-major/bin/../lib/gcc/arm-none-eabi/8.2.1/../../../../arm-none-eabi/lib/thumb/v7-m/nofp/libg_nano.a(lib_a-sbrkr.o)
                              /Users/atakane/opt/gcc-arm-none-eabi-8-2018-q4-major/bin/../lib/gcc/arm-none-eabi/8.2.1/../../../../arm-none-eabi/lib/thumb/v7-m/nofp/libg_nano.a(lib_a-nano-mallocr.o) (_sbrk_r)
/Users/atakane/opt/gcc-arm-none-eabi-8-2018-q4-major/bin/../lib/gcc/arm-none-eabi/8.2.1/../../../../arm-none-eabi/lib/thumb/v7-m/nofp/libg_nano.a(lib_a-snprintf.o)
                              ./ioLibrary_Driver/Internet/MQTT/MQTTPacket/src/MQTTFormat.o (snprintf)
/Users/atakane/opt/gcc-arm-none-eabi-8-2018-q4-major/bin/../lib/gcc/arm-none-eabi/8.2.1/../../../../arm-none-eabi/lib/thumb/v7-m/nofp/libg_nano.a(lib_a-sprintf.o)
                              ./src/main.o (sprintf)
/Users/atakane/opt/gcc-arm-none-eabi-8-2018-q4-major/bin/../lib/gcc/arm-none-eabi/8.2.1/../../../../arm-none-eabi/lib/thumb/v7-m/nofp/libg_nano.a(lib_a-sscanf.o)
                              ./ioLibrary_Driver/Internet/SNMP/snmp.o (sscanf)
[...]
Memory Configuration

Name             Origin             Length             Attributes
RAM              0x0000000020000000 0x0000000000005000 xrw
CCMRAM           0x0000000000000000 0x0000000000000000 xrw
FLASH            0x0000000008000000 0x0000000000020000 xr
FLASHB1          0x0000000000000000 0x0000000000000000 xr
EXTMEMB0         0x0000000000000000 0x0000000000000000 xr
EXTMEMB1         0x0000000000000000 0x0000000000000000 xr
EXTMEMB2         0x0000000000000000 0x0000000000000000 xr
EXTMEMB3         0x0000000000000000 0x0000000000000000 xr
MEMORY_ARRAY     0x0000000000000000 0x0000000000000000 xrw
*default*        0x0000000000000000 0xffffffffffffffff

Linker script and memory map

LOAD ./system/src/stm32f1-stdperiph/misc.o
LOAD ./system/src/stm32f1-stdperiph/stm32f10x_adc.o
LOAD ./system/src/stm32f1-stdperiph/stm32f10x_bkp.o
LOAD ./system/src/stm32f1-stdperiph/stm32f10x_can.o
LOAD ./system/src/stm32f1-stdperiph/stm32f10x_cec.o
LOAD ./system/src/stm32f1-stdperiph/stm32f10x_crc.o
LOAD ./system/src/stm32f1-stdperiph/stm32f10x_dac.o
LOAD ./system/src/stm32f1-stdperiph/stm32f10x_dbgmcu.o
LOAD ./system/src/stm32f1-stdperiph/stm32f10x_dma.o
LOAD ./system/src/stm32f1-stdperiph/stm32f10x_exti.o
LOAD ./system/src/stm32f1-stdperiph/stm32f10x_flash.o
LOAD ./system/src/stm32f1-stdperiph/stm32f10x_fsmc.o
LOAD ./system/src/stm32f1-stdperiph/stm32f10x_gpio.o
LOAD ./system/src/stm32f1-stdperiph/stm32f10x_i2c.o
LOAD ./system/src/stm32f1-stdperiph/stm32f10x_iwdg.o
LOAD ./system/src/stm32f1-stdperiph/stm32f10x_pwr.o
LOAD ./system/src/stm32f1-stdperiph/stm32f10x_rcc.o
LOAD ./system/src/stm32f1-stdperiph/stm32f10x_rtc.o
LOAD ./system/src/stm32f1-stdperiph/stm32f10x_sdio.o
LOAD ./system/src/stm32f1-stdperiph/stm32f10x_spi.o
LOAD ./system/src/stm32f1-stdperiph/stm32f10x_tim.o
LOAD ./system/src/stm32f1-stdperiph/stm32f10x_usart.o
LOAD ./system/src/stm32f1-stdperiph/stm32f10x_wwdg.o
LOAD ./system/src/newlib/_cxx.o
LOAD ./system/src/newlib/_exit.o
LOAD ./system/src/newlib/_sbrk.o
LOAD ./system/src/newlib/_startup.o
LOAD ./system/src/newlib/_syscalls.o
LOAD ./system/src/newlib/assert.o
LOAD ./system/src/diag/Trace.o
LOAD ./system/src/diag/trace_impl.o
LOAD ./system/src/cortexm/_initialize_hardware.o
LOAD ./system/src/cortexm/_reset_hardware.o
LOAD ./system/src/cortexm/exception_handlers.o
LOAD ./system/src/cmsis/system_stm32f10x.o
LOAD ./system/src/cmsis/vectors_stm32f10x.o
LOAD ./src/_write.o
LOAD ./src/delay.o
LOAD ./src/main.o
LOAD ./ioLibrary_Driver/Internet/httpServer/httpParser.o
LOAD ./ioLibrary_Driver/Internet/httpServer/httpServer.o
LOAD ./ioLibrary_Driver/Internet/httpServer/httpUtil.o
LOAD ./ioLibrary_Driver/Internet/TFTP/netutil.o
LOAD ./ioLibrary_Driver/Internet/TFTP/tftp.o
LOAD ./ioLibrary_Driver/Internet/SNTP/sntp.o
LOAD ./ioLibrary_Driver/Internet/SNMP/snmp.o
LOAD ./ioLibrary_Driver/Internet/SNMP/snmp_custom.o
LOAD ./ioLibrary_Driver/Internet/MQTT/MQTTPacket/src/MQTTConnectClient.o
LOAD ./ioLibrary_Driver/Internet/MQTT/MQTTPacket/src/MQTTConnectServer.o
LOAD ./ioLibrary_Driver/Internet/MQTT/MQTTPacket/src/MQTTDeserializePublish.o
LOAD ./ioLibrary_Driver/Internet/MQTT/MQTTPacket/src/MQTTFormat.o
LOAD ./ioLibrary_Driver/Internet/MQTT/MQTTPacket/src/MQTTPacket.o
LOAD ./ioLibrary_Driver/Internet/MQTT/MQTTPacket/src/MQTTSerializePublish.o
LOAD ./ioLibrary_Driver/Internet/MQTT/MQTTPacket/src/MQTTSubscribeClient.o
LOAD ./ioLibrary_Driver/Internet/MQTT/MQTTPacket/src/MQTTSubscribeServer.o
LOAD ./ioLibrary_Driver/Internet/MQTT/MQTTPacket/src/MQTTUnsubscribeClient.o
LOAD ./ioLibrary_Driver/Internet/MQTT/MQTTPacket/src/MQTTUnsubscribeServer.o
LOAD ./ioLibrary_Driver/Internet/MQTT/MQTTClient.o
LOAD ./ioLibrary_Driver/Internet/MQTT/mqtt_interface.o
LOAD ./ioLibrary_Driver/Internet/FTPServer/ftpd.o
LOAD ./ioLibrary_Driver/Internet/FTPClient/ftpc.o
LOAD ./ioLibrary_Driver/Internet/DNS/dns.o
LOAD ./ioLibrary_Driver/Internet/DHCP/dhcp.o
LOAD ./ioLibrary_Driver/Ethernet/W5500/w5500.o
LOAD ./ioLibrary_Driver/Ethernet/W5300/w5300.o
LOAD ./ioLibrary_Driver/Ethernet/W5200/w5200.o
LOAD ./ioLibrary_Driver/Ethernet/W5100S/w5100s.o
LOAD ./ioLibrary_Driver/Ethernet/W5100/w5100.o
LOAD ./ioLibrary_Driver/Ethernet/socket.o
LOAD ./ioLibrary_Driver/Ethernet/wizchip_conf.o
LOAD ./ioLibrary_Driver/Application/loopback/loopback.o
LOAD /Users/atakane/opt/gcc-arm-none-eabi-8-2018-q4-major/bin/../lib/gcc/arm-none-eabi/8.2.1/../../../../arm-none-eabi/lib/thumb/v7-m/nofp/libstdc++_nano.a
LOAD /Users/atakane/opt/gcc-arm-none-eabi-8-2018-q4-major/bin/../lib/gcc/arm-none-eabi/8.2.1/../../../../arm-none-eabi/lib/thumb/v7-m/nofp/libm.a
START GROUP
LOAD /Users/atakane/opt/gcc-arm-none-eabi-8-2018-q4-major/bin/../lib/gcc/arm-none-eabi/8.2.1/thumb/v7-m/nofp/libgcc.a
LOAD /Users/atakane/opt/gcc-arm-none-eabi-8-2018-q4-major/bin/../lib/gcc/arm-none-eabi/8.2.1/../../../../arm-none-eabi/lib/thumb/v7-m/nofp/libg_nano.a
LOAD /Users/atakane/opt/gcc-arm-none-eabi-8-2018-q4-major/bin/../lib/gcc/arm-none-eabi/8.2.1/../../../../arm-none-eabi/lib/thumb/v7-m/nofp/libc_nano.a
END GROUP
START GROUP
LOAD /Users/atakane/opt/gcc-arm-none-eabi-8-2018-q4-major/bin/../lib/gcc/arm-none-eabi/8.2.1/thumb/v7-m/nofp/libgcc.a
LOAD /Users/atakane/opt/gcc-arm-none-eabi-8-2018-q4-major/bin/../lib/gcc/arm-none-eabi/8.2.1/../../../../arm-none-eabi/lib/thumb/v7-m/nofp/libc_nano.a
END GROUP
                0x0000000020005000                __stack = (ORIGIN (RAM) + LENGTH (RAM))
                0x0000000020005000                _estack = __stack
                0x0000000000000400                __Main_Stack_Size = 0x400
                [!provide]                        PROVIDE (_Main_Stack_Size = __Main_Stack_Size)
                0x0000000020004c00                __Main_Stack_Limit = (__stack - __Main_Stack_Size)
                [!provide]                        PROVIDE (_Main_Stack_Limit = __Main_Stack_Limit)
                0x0000000000000100                _Minimum_Stack_Size = 0x100
                0x00000000200001a8                PROVIDE (_Heap_Begin = _end_noinit)
                0x0000000020004c00                PROVIDE (_Heap_Limit = (__stack - __Main_Stack_Size))

.isr_vector     0x0000000008000000      0x350
 FILL mask 0xff
                0x0000000008000000                __vectors_start = ABSOLUTE (.)
                0x0000000008000000                __vectors_start__ = ABSOLUTE (.)
 *(.isr_vector)
 .isr_vector    0x0000000008000000      0x10c ./system/src/cmsis/vectors_stm32f10x.o
                0x0000000008000000                __isr_vectors
 *(.cfmconfig)
 *(.after_vectors .after_vectors.*)
 .after_vectors
                0x000000000800010c      0x114 ./system/src/newlib/_startup.o
                0x000000000800010c                _start
 .after_vectors
                0x0000000008000220      0x12c ./system/src/cortexm/exception_handlers.o
                0x0000000008000220                Reset_Handler
                0x0000000008000226                NMI_Handler
                0x000000000800022a                HardFault_Handler
                0x000000000800023e                HardFault_Handler_C
                0x000000000800029c                MemManage_Handler
                0x00000000080002a0                BusFault_Handler
                0x00000000080002b4                BusFault_Handler_C
                0x00000000080002e8                UsageFault_Handler
                0x00000000080002fc                UsageFault_Handler_C
                0x0000000008000330                SVC_Handler
                0x0000000008000334                DebugMon_Handler
                0x0000000008000338                PendSV_Handler
 .after_vectors
                0x000000000800034c        0x4 ./system/src/cmsis/vectors_stm32f10x.o
                0x000000000800034c                TIM1_BRK_TIM15_IRQHandler
                0x000000000800034c                TIM8_TRG_COM_IRQHandler
                0x000000000800034c                TIM8_CC_IRQHandler
                0x000000000800034c                TIM1_CC_IRQHandler
                0x000000000800034c                TIM6_IRQHandler
                0x000000000800034c                PVD_IRQHandler
                0x000000000800034c                SDIO_IRQHandler
                0x000000000800034c                CAN2_RX1_IRQHandler
                0x000000000800034c                EXTI3_IRQHandler
                0x000000000800034c                TIM8_TRG_COM_TIM14_IRQHandler
                0x000000000800034c                TIM1_UP_TIM10_IRQHandler
                0x000000000800034c                TIM8_UP_TIM13_IRQHandler
                0x000000000800034c                EXTI0_IRQHandler
                0x000000000800034c                I2C2_EV_IRQHandler
                0x000000000800034c                CAN1_RX0_IRQHandler
                0x000000000800034c                TIM1_UP_TIM16_IRQHandler
                0x000000000800034c                CAN2_SCE_IRQHandler
                0x000000000800034c                ADC1_2_IRQHandler
                0x000000000800034c                SPI1_IRQHandler
                0x000000000800034c                TAMPER_IRQHandler
                0x000000000800034c                TIM6_DAC_IRQHandler
                0x000000000800034c                TIM1_BRK_TIM9_IRQHandler
                0x000000000800034c                CAN2_RX0_IRQHandler
                0x000000000800034c                TIM8_UP_IRQHandler
                0x000000000800034c                DMA2_Channel2_IRQHandler
                0x000000000800034c                DMA1_Channel4_IRQHandler
                0x000000000800034c                USART3_IRQHandler
                0x000000000800034c                RTC_IRQHandler
                0x000000000800034c                DMA1_Channel7_IRQHandler
                0x000000000800034c                CAN1_RX1_IRQHandler
                0x000000000800034c                UART5_IRQHandler
                0x000000000800034c                ADC3_IRQHandler
                0x000000000800034c                TIM4_IRQHandler
                0x000000000800034c                DMA2_Channel1_IRQHandler
                0x000000000800034c                I2C1_EV_IRQHandler
                0x000000000800034c                DMA1_Channel6_IRQHandler
                0x000000000800034c                UART4_IRQHandler
                0x000000000800034c                DMA2_Channel4_IRQHandler
                0x000000000800034c                TIM3_IRQHandler
                0x000000000800034c                RCC_IRQHandler
                0x000000000800034c                TIM8_BRK_TIM12_IRQHandler
                0x000000000800034c                TIM1_TRG_COM_IRQHandler
                0x000000000800034c                DMA1_Channel1_IRQHandler
                0x000000000800034c                Default_Handler
                0x000000000800034c                CEC_IRQHandler
                0x000000000800034c                EXTI15_10_IRQHandler
                0x000000000800034c                TIM14_IRQHandler
                0x000000000800034c                TIM13_IRQHandler
                0x000000000800034c                TIM12_IRQHandler
                0x000000000800034c                TIM7_IRQHandler
                0x000000000800034c                CAN2_TX_IRQHandler
                0x000000000800034c                TIM5_IRQHandler
                0x000000000800034c                EXTI9_5_IRQHandler
                0x000000000800034c                ETH_WKUP_IRQHandler
                0x000000000800034c                SPI2_IRQHandler
                0x000000000800034c                CAN1_TX_IRQHandler
                0x000000000800034c                DMA2_Channel5_IRQHandler
                0x000000000800034c                DMA1_Channel5_IRQHandler
                0x000000000800034c                EXTI4_IRQHandler
                0x000000000800034c                USB_LP_CAN1_RX0_IRQHandler
                0x000000000800034c                TIM1_TRG_COM_TIM17_IRQHandler
                0x000000000800034c                USB_HP_CAN1_TX_IRQHandler
                0x000000000800034c                DMA1_Channel3_IRQHandler
                0x000000000800034c                FSMC_IRQHandler
                0x000000000800034c                ETH_IRQHandler
                0x000000000800034c                TIM1_UP_IRQHandler
                0x000000000800034c                WWDG_IRQHandler
                0x000000000800034c                TIM2_IRQHandler
                0x000000000800034c                OTG_FS_WKUP_IRQHandler
                0x000000000800034c                TIM1_TRG_COM_TIM11_IRQHandler
                0x000000000800034c                TIM1_BRK_IRQHandler
                0x000000000800034c                RTCAlarm_IRQHandler
                0x000000000800034c                DMA2_Channel4_5_IRQHandler
                0x000000000800034c                USART2_IRQHandler
                0x000000000800034c                I2C2_ER_IRQHandler
                0x000000000800034c                DMA1_Channel2_IRQHandler
                0x000000000800034c                TIM8_BRK_IRQHandler
                0x000000000800034c                CAN1_SCE_IRQHandler
                0x000000000800034c                FLASH_IRQHandler
                0x000000000800034c                USART1_IRQHandler
                0x000000000800034c                OTG_FS_IRQHandler
                0x000000000800034c                SPI3_IRQHandler
                0x000000000800034c                I2C1_ER_IRQHandler
                0x000000000800034c                USBWakeUp_IRQHandler
                0x000000000800034c                DMA2_Channel3_IRQHandler
                0x000000000800034c                EXTI2_IRQHandler

.inits          0x0000000008000350       0x28
                0x0000000008000350                __data_regions_array_start = .
                0x0000000008000350        0x4 LONG 0x8002fe0 LOADADDR (.data)
                0x0000000008000354        0x4 LONG 0x20000000 ADDR (.data)
                0x0000000008000358        0x4 LONG 0x200000c0 (ADDR (.data) + SIZEOF (.data))
                0x000000000800035c        0x4 LONG 0x8002fe0 LOADADDR (.data_CCMRAM)
                0x0000000008000360        0x4 LONG 0x0 ADDR (.data_CCMRAM)
                0x0000000008000364        0x4 LONG 0x0 (ADDR (.data_CCMRAM) + SIZEOF (.data_CCMRAM))
                0x0000000008000368                __data_regions_array_end = .
                0x0000000008000368                __bss_regions_array_start = .
                0x0000000008000368        0x4 LONG 0x200000c0 ADDR (.bss)
                0x000000000800036c        0x4 LONG 0x200001a8 (ADDR (.bss) + SIZEOF (.bss))
                0x0000000008000370        0x4 LONG 0x0 ADDR (.bss_CCMRAM)
                0x0000000008000374        0x4 LONG 0x0 (ADDR (.bss_CCMRAM) + SIZEOF (.bss_CCMRAM))
                0x0000000008000378                __bss_regions_array_end = .
 *(.init)
 *(.fini)
                0x0000000008000378                . = ALIGN (0x4)
                0x0000000008000378                PROVIDE (__preinit_array_start = .)
 *(.preinit_array_sysinit .preinit_array_sysinit.*)
 *(.preinit_array_platform .preinit_array_platform.*)
 *(.preinit_array .preinit_array.*)
                0x0000000008000378                PROVIDE (__preinit_array_end = .)
                0x0000000008000378                . = ALIGN (0x4)
                0x0000000008000378                PROVIDE (__init_array_start = .)
 *(SORT_BY_NAME(.init_array.*))
 *(.init_array)
                0x0000000008000378                PROVIDE (__init_array_end = .)
                0x0000000008000378                . = ALIGN (0x4)
                0x0000000008000378                PROVIDE (__fini_array_start = .)
 *(SORT_BY_NAME(.fini_array.*))
 *(.fini_array)
                0x0000000008000378                PROVIDE (__fini_array_end = .)

.flashtext
 *(.flashtext .flashtext.*)

.text           0x0000000008000378     0x2c67
 *(.text .text.*)
 .text.EXTI_GetITStatus
                0x0000000008000378       0x98 ./system/src/stm32f1-stdperiph/stm32f10x_exti.o
                0x0000000008000378                EXTI_GetITStatus
 .text.EXTI_ClearITPendingBit
                0x0000000008000410       0x24 ./system/src/stm32f1-stdperiph/stm32f10x_exti.o
                0x0000000008000410                EXTI_ClearITPendingBit
 .text.FLASH_SetLatency
                0x0000000008000434       0x2c ./system/src/stm32f1-stdperiph/stm32f10x_flash.o
                0x0000000008000434                FLASH_SetLatency
 .text.FLASH_PrefetchBufferCmd
                0x0000000008000460       0x30 ./system/src/stm32f1-stdperiph/stm32f10x_flash.o
                0x0000000008000460                FLASH_PrefetchBufferCmd
 .text.GPIO_Init
                0x0000000008000490      0x134 ./system/src/stm32f1-stdperiph/stm32f10x_gpio.o
                0x0000000008000490                GPIO_Init
 .text.GPIO_SetBits
                0x00000000080005c4       0x60 ./system/src/stm32f1-stdperiph/stm32f10x_gpio.o
                0x00000000080005c4                GPIO_SetBits
 .text.GPIO_ResetBits
                0x0000000008000624       0x60 ./system/src/stm32f1-stdperiph/stm32f10x_gpio.o
                0x0000000008000624                GPIO_ResetBits
 .text.RCC_DeInit
                0x0000000008000684       0x40 ./system/src/stm32f1-stdperiph/stm32f10x_rcc.o
                0x0000000008000684                RCC_DeInit
 .text.RCC_HSEConfig
                0x00000000080006c4       0x60 ./system/src/stm32f1-stdperiph/stm32f10x_rcc.o
                0x00000000080006c4                RCC_HSEConfig
 .text.RCC_PLLConfig
                0x0000000008000724       0x9c ./system/src/stm32f1-stdperiph/stm32f10x_rcc.o
                0x0000000008000724                RCC_PLLConfig
 .text.RCC_PLLCmd
                0x00000000080007c0       0x24 ./system/src/stm32f1-stdperiph/stm32f10x_rcc.o
                0x00000000080007c0                RCC_PLLCmd
 .text.RCC_SYSCLKConfig
                0x00000000080007e4       0x2c ./system/src/stm32f1-stdperiph/stm32f10x_rcc.o
                0x00000000080007e4                RCC_SYSCLKConfig
 .text.RCC_GetSYSCLKSource
                0x0000000008000810       0x10 ./system/src/stm32f1-stdperiph/stm32f10x_rcc.o
                0x0000000008000810                RCC_GetSYSCLKSource
 .text.RCC_HCLKConfig
                0x0000000008000820       0x48 ./system/src/stm32f1-stdperiph/stm32f10x_rcc.o
                0x0000000008000820                RCC_HCLKConfig
 .text.RCC_PCLK1Config
                0x0000000008000868       0x40 ./system/src/stm32f1-stdperiph/stm32f10x_rcc.o
                0x0000000008000868                RCC_PCLK1Config
 .text.RCC_PCLK2Config
                0x00000000080008a8       0x44 ./system/src/stm32f1-stdperiph/stm32f10x_rcc.o
                0x00000000080008a8                RCC_PCLK2Config
 .text.RCC_APB2PeriphClockCmd
                0x00000000080008ec       0x4c ./system/src/stm32f1-stdperiph/stm32f10x_rcc.o
                0x00000000080008ec                RCC_APB2PeriphClockCmd
 .text.RCC_APB1PeriphClockCmd
                0x0000000008000938       0x4c ./system/src/stm32f1-stdperiph/stm32f10x_rcc.o
                0x0000000008000938                RCC_APB1PeriphClockCmd
 .text.RCC_ClockSecuritySystemCmd
                0x0000000008000984       0x24 ./system/src/stm32f1-stdperiph/stm32f10x_rcc.o
                0x0000000008000984                RCC_ClockSecuritySystemCmd
 .text.RCC_GetFlagStatus
                0x00000000080009a8       0x74 ./system/src/stm32f1-stdperiph/stm32f10x_rcc.o
                0x00000000080009a8                RCC_GetFlagStatus
 .text.RCC_WaitForHSEStartUp
                0x0000000008000a1c       0x34 ./system/src/stm32f1-stdperiph/stm32f10x_rcc.o
                0x0000000008000a1c                RCC_WaitForHSEStartUp
 .text.SPI_Init
                0x0000000008000a50      0x148 ./system/src/stm32f1-stdperiph/stm32f10x_spi.o
                0x0000000008000a50                SPI_Init
 .text.SPI_Cmd  0x0000000008000b98       0x58 ./system/src/stm32f1-stdperiph/stm32f10x_spi.o
                0x0000000008000b98                SPI_Cmd
 .text.SPI_I2S_SendData
                0x0000000008000bf0       0x34 ./system/src/stm32f1-stdperiph/stm32f10x_spi.o
                0x0000000008000bf0                SPI_I2S_SendData
 .text.SPI_I2S_ReceiveData
                0x0000000008000c24       0x30 ./system/src/stm32f1-stdperiph/stm32f10x_spi.o
                0x0000000008000c24                SPI_I2S_ReceiveData
 .text.SPI_I2S_GetFlagStatus
                0x0000000008000c54       0x68 ./system/src/stm32f1-stdperiph/stm32f10x_spi.o
                0x0000000008000c54                SPI_I2S_GetFlagStatus
 .text._exit    0x0000000008000cbc        0x2 ./system/src/newlib/_exit.o
                0x0000000008000cbc                _exit
 *fill*         0x0000000008000cbe        0x2 
 .text.abort    0x0000000008000cc0       0x14 ./system/src/newlib/_exit.o
                0x0000000008000cc0                abort
 .text._sbrk    0x0000000008000cd4       0x44 ./system/src/newlib/_sbrk.o
                0x0000000008000cd4                _sbrk
 .text.__initialize_args
                0x0000000008000d18       0x10 ./system/src/newlib/_syscalls.o
                0x0000000008000d18                __initialize_args
 .text.assert_failed
                0x0000000008000d28       0x14 ./system/src/newlib/assert.o
                0x0000000008000d28                assert_failed
 .text.trace_printf
                0x0000000008000d3c       0x34 ./system/src/diag/Trace.o
                0x0000000008000d3c                trace_printf
 .text.trace_puts
                0x0000000008000d70       0x20 ./system/src/diag/Trace.o
                0x0000000008000d70                trace_puts
 .text._trace_write_semihosting_debug
                0x0000000008000d90       0x60 ./system/src/diag/trace_impl.o
 .text.trace_write
                0x0000000008000df0        0x8 ./system/src/diag/trace_impl.o
                0x0000000008000df0                trace_write
 .text.__initialize_hardware_early
                0x0000000008000df8       0x18 ./system/src/cortexm/_initialize_hardware.o
                0x0000000008000df8                __initialize_hardware_early
 .text.__initialize_hardware
                0x0000000008000e10        0x8 ./system/src/cortexm/_initialize_hardware.o
                0x0000000008000e10                __initialize_hardware
 .text.dumpExceptionStack
                0x0000000008000e18       0xf4 ./system/src/cortexm/exception_handlers.o
                0x0000000008000e18                dumpExceptionStack
 .text.isSemihosting
                0x0000000008000f0c       0x20 ./system/src/cortexm/exception_handlers.o
                0x0000000008000f0c                isSemihosting
 .text.SetSysClockTo72
                0x0000000008000f2c       0xc4 ./system/src/cmsis/system_stm32f10x.o
 .text.SetSysClock
                0x0000000008000ff0        0x8 ./system/src/cmsis/system_stm32f10x.o
 .text.SystemInit
                0x0000000008000ff8       0x50 ./system/src/cmsis/system_stm32f10x.o
                0x0000000008000ff8                SystemInit
 .text.SystemCoreClockUpdate
                0x0000000008001048       0x94 ./system/src/cmsis/system_stm32f10x.o
                0x0000000008001048                SystemCoreClockUpdate
 .text.SysTick_Init
                0x00000000080010dc       0x3c ./src/delay.o
                0x00000000080010dc                SysTick_Init
 .text.TimerDecrement
                0x0000000008001118       0x14 ./src/delay.o
                0x0000000008001118                TimerDecrement
 .text.SysTick_Handler
                0x000000000800112c        0x8 ./src/delay.o
                0x000000000800112c                SysTick_Handler
 .text.delay_ms
                0x0000000008001134       0x20 ./src/delay.o
                0x0000000008001134                delay_ms
 .text.ChipSelect
                0x0000000008001154       0x10 ./src/main.o
                0x0000000008001154                ChipSelect
 .text.ChipDeselect
                0x0000000008001164       0x10 ./src/main.o
                0x0000000008001164                ChipDeselect
 .text.RCC_Configuration
                0x0000000008001174       0x7a ./src/main.o
                0x0000000008001174                RCC_Configuration
 *fill*         0x00000000080011ee        0x2 
 .text.Sock     0x00000000080011f0      0x1c4 ./src/main.o
                0x00000000080011f0                Sock
 .text.InitSpi1
                0x00000000080013b4       0xb8 ./src/main.o
                0x00000000080013b4                InitSpi1
 .text.main     0x000000000800146c      0x120 ./src/main.o
                0x000000000800146c                main
 .text.InterruptExec
                0x000000000800158c       0x10 ./src/main.o
                0x000000000800158c                InterruptExec
 .text.EXTI1_IRQHandler
                0x000000000800159c       0x20 ./src/main.o
                0x000000000800159c                EXTI1_IRQHandler
 .text.SPI_RW   0x00000000080015bc       0x34 ./src/main.o
                0x00000000080015bc                SPI_RW
 .text.SPI_Send
                0x00000000080015f0        0x8 ./src/main.o
                0x00000000080015f0                SPI_Send
 .text.SPI_Recv
                0x00000000080015f8        0xa ./src/main.o
                0x00000000080015f8                SPI_Recv
 *fill*         0x0000000008001602        0x2 
 .text.WIZCHIP_READ
                0x0000000008001604       0x64 ./ioLibrary_Driver/Ethernet/W5500/w5500.o
                0x0000000008001604                WIZCHIP_READ
 .text.WIZCHIP_WRITE
                0x0000000008001668       0x68 ./ioLibrary_Driver/Ethernet/W5500/w5500.o
                0x0000000008001668                WIZCHIP_WRITE
 .text.WIZCHIP_READ_BUF
                0x00000000080016d0       0x7c ./ioLibrary_Driver/Ethernet/W5500/w5500.o
                0x00000000080016d0                WIZCHIP_READ_BUF
 .text.WIZCHIP_WRITE_BUF
                0x000000000800174c       0x78 ./ioLibrary_Driver/Ethernet/W5500/w5500.o
                0x000000000800174c                WIZCHIP_WRITE_BUF
 .text.getSn_TX_FSR
                0x00000000080017c4       0x5e ./ioLibrary_Driver/Ethernet/W5500/w5500.o
                0x00000000080017c4                getSn_TX_FSR
 .text.getSn_RX_RSR
                0x0000000008001822       0x5e ./ioLibrary_Driver/Ethernet/W5500/w5500.o
                0x0000000008001822                getSn_RX_RSR
 .text.wiz_send_data
                0x0000000008001880       0x5e ./ioLibrary_Driver/Ethernet/W5500/w5500.o
                0x0000000008001880                wiz_send_data
 .text.wiz_recv_data
                0x00000000080018de       0x5e ./ioLibrary_Driver/Ethernet/W5500/w5500.o
                0x00000000080018de                wiz_recv_data
 .text.close_s  0x000000000800193c       0x78 ./ioLibrary_Driver/Ethernet/socket.o
                0x000000000800193c                close_s
 .text.socket   0x00000000080019b4      0x160 ./ioLibrary_Driver/Ethernet/socket.o
                0x00000000080019b4                socket
 .text.listen   0x0000000008001b14       0x6c ./ioLibrary_Driver/Ethernet/socket.o
                0x0000000008001b14                listen
 .text.disconnect
                0x0000000008001b80       0x90 ./ioLibrary_Driver/Ethernet/socket.o
                0x0000000008001b80                disconnect
 .text.send     0x0000000008001c10      0x12c ./ioLibrary_Driver/Ethernet/socket.o
                0x0000000008001c10                send
 .text.recv     0x0000000008001d3c       0xe4 ./ioLibrary_Driver/Ethernet/socket.o
                0x0000000008001d3c                recv
 .text.getsockopt
                0x0000000008001e20      0x16c ./ioLibrary_Driver/Ethernet/socket.o
                0x0000000008001e20                getsockopt
 .text.wizchip_cris_enter
                0x0000000008001f8c        0x2 ./ioLibrary_Driver/Ethernet/wizchip_conf.o
                0x0000000008001f8c                wizchip_cris_enter
 .text.wizchip_cris_exit
                0x0000000008001f8e        0x2 ./ioLibrary_Driver/Ethernet/wizchip_conf.o
                0x0000000008001f8e                wizchip_cris_exit
 .text.wizchip_cs_select
                0x0000000008001f90        0x2 ./ioLibrary_Driver/Ethernet/wizchip_conf.o
                0x0000000008001f90                wizchip_cs_select
 .text.wizchip_cs_deselect
                0x0000000008001f92        0x2 ./ioLibrary_Driver/Ethernet/wizchip_conf.o
                0x0000000008001f92                wizchip_cs_deselect
 .text.wizchip_bus_readdata
                0x0000000008001f94        0x4 ./ioLibrary_Driver/Ethernet/wizchip_conf.o
                0x0000000008001f94                wizchip_bus_readdata
 .text.wizchip_bus_writedata
                0x0000000008001f98        0x4 ./ioLibrary_Driver/Ethernet/wizchip_conf.o
                0x0000000008001f98                wizchip_bus_writedata
 .text.wizchip_spi_readbyte
                0x0000000008001f9c        0x4 ./ioLibrary_Driver/Ethernet/wizchip_conf.o
                0x0000000008001f9c                wizchip_spi_readbyte
 .text.wizchip_spi_writebyte
                0x0000000008001fa0        0x2 ./ioLibrary_Driver/Ethernet/wizchip_conf.o
                0x0000000008001fa0                wizchip_spi_writebyte
 *fill*         0x0000000008001fa2        0x2 
 .text.reg_wizchip_cs_cbfunc
                0x0000000008001fa4       0x24 ./ioLibrary_Driver/Ethernet/wizchip_conf.o
                0x0000000008001fa4                reg_wizchip_cs_cbfunc
 .text.reg_wizchip_spi_cbfunc
                0x0000000008001fc8       0x30 ./ioLibrary_Driver/Ethernet/wizchip_conf.o
                0x0000000008001fc8                reg_wizchip_spi_cbfunc
 .text.wizchip_sw_reset
                0x0000000008001ff8       0x78 ./ioLibrary_Driver/Ethernet/wizchip_conf.o
                0x0000000008001ff8                wizchip_sw_reset
 .text.wizchip_init
                0x0000000008002070       0x8a ./ioLibrary_Driver/Ethernet/wizchip_conf.o
                0x0000000008002070                wizchip_init
 .text.wizchip_clrinterrupt
                0x00000000080020fa       0x1c ./ioLibrary_Driver/Ethernet/wizchip_conf.o
                0x00000000080020fa                wizchip_clrinterrupt
 *fill*         0x0000000008002116        0x2 
 .text.wizchip_setnetinfo
                0x0000000008002118       0x5c ./ioLibrary_Driver/Ethernet/wizchip_conf.o
                0x0000000008002118                wizchip_setnetinfo
 .text.wizchip_getnetinfo
                0x0000000008002174       0x5c ./ioLibrary_Driver/Ethernet/wizchip_conf.o
                0x0000000008002174                wizchip_getnetinfo
 .text.__errno  0x00000000080021d0        0xc /Users/atakane/opt/gcc-arm-none-eabi-8-2018-q4-major/bin/../lib/gcc/arm-none-eabi/8.2.1/../../../../arm-none-eabi/lib/thumb/v7-m/nofp/libg_nano.a(lib_a-errno.o)
                0x00000000080021d0                __errno
 .text.memcpy   0x00000000080021dc       0x1c /Users/atakane/opt/gcc-arm-none-eabi-8-2018-q4-major/bin/../lib/gcc/arm-none-eabi/8.2.1/../../../../arm-none-eabi/lib/thumb/v7-m/nofp/libg_nano.a(lib_a-memcpy-stub.o)
                0x00000000080021dc                memcpy
 .text.memset   0x00000000080021f8       0x10 /Users/atakane/opt/gcc-arm-none-eabi-8-2018-q4-major/bin/../lib/gcc/arm-none-eabi/8.2.1/../../../../arm-none-eabi/lib/thumb/v7-m/nofp/libg_nano.a(lib_a-memset.o)
                0x00000000080021f8                memset
 .text._free_r  0x0000000008002208       0x98 /Users/atakane/opt/gcc-arm-none-eabi-8-2018-q4-major/bin/../lib/gcc/arm-none-eabi/8.2.1/../../../../arm-none-eabi/lib/thumb/v7-m/nofp/libg_nano.a(lib_a-nano-freer.o)
                0x0000000008002208                _free_r
 .text._malloc_r
                0x00000000080022a0       0xb4 /Users/atakane/opt/gcc-arm-none-eabi-8-2018-q4-major/bin/../lib/gcc/arm-none-eabi/8.2.1/../../../../arm-none-eabi/lib/thumb/v7-m/nofp/libg_nano.a(lib_a-nano-mallocr.o)
                0x00000000080022a0                _malloc_r
 .text._sbrk_r  0x0000000008002354       0x20 /Users/atakane/opt/gcc-arm-none-eabi-8-2018-q4-major/bin/../lib/gcc/arm-none-eabi/8.2.1/../../../../arm-none-eabi/lib/thumb/v7-m/nofp/libg_nano.a(lib_a-sbrkr.o)
                0x0000000008002354                _sbrk_r
 .text.sprintf  0x0000000008002374       0x40 /Users/atakane/opt/gcc-arm-none-eabi-8-2018-q4-major/bin/../lib/gcc/arm-none-eabi/8.2.1/../../../../arm-none-eabi/lib/thumb/v7-m/nofp/libg_nano.a(lib_a-sprintf.o)
                0x0000000008002374                sprintf
                0x0000000008002374                siprintf
 .text          0x00000000080023b4       0x10 /Users/atakane/opt/gcc-arm-none-eabi-8-2018-q4-major/bin/../lib/gcc/arm-none-eabi/8.2.1/../../../../arm-none-eabi/lib/thumb/v7-m/nofp/libg_nano.a(lib_a-strlen.o)
                0x00000000080023b4                strlen
 .text.strstr   0x00000000080023c4       0x2e /Users/atakane/opt/gcc-arm-none-eabi-8-2018-q4-major/bin/../lib/gcc/arm-none-eabi/8.2.1/../../../../arm-none-eabi/lib/thumb/v7-m/nofp/libg_nano.a(lib_a-strstr.o)
                0x00000000080023c4                strstr
 .text._vsnprintf_r
                0x00000000080023f2       0x58 /Users/atakane/opt/gcc-arm-none-eabi-8-2018-q4-major/bin/../lib/gcc/arm-none-eabi/8.2.1/../../../../arm-none-eabi/lib/thumb/v7-m/nofp/libg_nano.a(lib_a-vsnprintf.o)
                0x00000000080023f2                _vsnprintf_r
                0x00000000080023f2                _vsniprintf_r
 *fill*         0x000000000800244a        0x2 
 .text.vsnprintf
                0x000000000800244c       0x1c /Users/atakane/opt/gcc-arm-none-eabi-8-2018-q4-major/bin/../lib/gcc/arm-none-eabi/8.2.1/../../../../arm-none-eabi/lib/thumb/v7-m/nofp/libg_nano.a(lib_a-vsnprintf.o)
                0x000000000800244c                vsnprintf
                0x000000000800244c                vsniprintf
 .text.__retarget_lock_acquire_recursive
                0x0000000008002468        0x2 /Users/atakane/opt/gcc-arm-none-eabi-8-2018-q4-major/bin/../lib/gcc/arm-none-eabi/8.2.1/../../../../arm-none-eabi/lib/thumb/v7-m/nofp/libg_nano.a(lib_a-lock.o)
                0x0000000008002468                __retarget_lock_acquire_recursive
 .text.__retarget_lock_release_recursive
                0x000000000800246a        0x2 /Users/atakane/opt/gcc-arm-none-eabi-8-2018-q4-major/bin/../lib/gcc/arm-none-eabi/8.2.1/../../../../arm-none-eabi/lib/thumb/v7-m/nofp/libg_nano.a(lib_a-lock.o)
                0x000000000800246a                __retarget_lock_release_recursive
 .text.__malloc_lock
                0x000000000800246c        0xc /Users/atakane/opt/gcc-arm-none-eabi-8-2018-q4-major/bin/../lib/gcc/arm-none-eabi/8.2.1/../../../../arm-none-eabi/lib/thumb/v7-m/nofp/libg_nano.a(lib_a-mlock.o)
                0x000000000800246c                __malloc_lock
 .text.__malloc_unlock
                0x0000000008002478        0xc /Users/atakane/opt/gcc-arm-none-eabi-8-2018-q4-major/bin/../lib/gcc/arm-none-eabi/8.2.1/../../../../arm-none-eabi/lib/thumb/v7-m/nofp/libg_nano.a(lib_a-mlock.o)
                0x0000000008002478                __malloc_unlock
 .text.__ssputs_r
                0x0000000008002484       0xb6 /Users/atakane/opt/gcc-arm-none-eabi-8-2018-q4-major/bin/../lib/gcc/arm-none-eabi/8.2.1/../../../../arm-none-eabi/lib/thumb/v7-m/nofp/libg_nano.a(lib_a-nano-svfprintf.o)
                0x0000000008002484                __ssputs_r
 *fill*         0x000000000800253a        0x2 
 .text._svfprintf_r
                0x000000000800253c      0x1f0 /Users/atakane/opt/gcc-arm-none-eabi-8-2018-q4-major/bin/../lib/gcc/arm-none-eabi/8.2.1/../../../../arm-none-eabi/lib/thumb/v7-m/nofp/libg_nano.a(lib_a-nano-svfprintf.o)
                0x000000000800253c                _svfprintf_r
                0x000000000800253c                _svfiprintf_r
 .text._printf_common
                0x000000000800272c       0xec /Users/atakane/opt/gcc-arm-none-eabi-8-2018-q4-major/bin/../lib/gcc/arm-none-eabi/8.2.1/../../../../arm-none-eabi/lib/thumb/v7-m/nofp/libg_nano.a(lib_a-nano-vfprintf_i.o)
                0x000000000800272c                _printf_common
 .text._printf_i
                0x0000000008002818      0x22c /Users/atakane/opt/gcc-arm-none-eabi-8-2018-q4-major/bin/../lib/gcc/arm-none-eabi/8.2.1/../../../../arm-none-eabi/lib/thumb/v7-m/nofp/libg_nano.a(lib_a-nano-vfprintf_i.o)
                0x0000000008002818                _printf_i
 .text.memchr   0x0000000008002a44       0x1c /Users/atakane/opt/gcc-arm-none-eabi-8-2018-q4-major/bin/../lib/gcc/arm-none-eabi/8.2.1/../../../../arm-none-eabi/lib/thumb/v7-m/nofp/libg_nano.a(lib_a-memchr-stub.o)
                0x0000000008002a44                memchr
 .text.memmove  0x0000000008002a60       0x34 /Users/atakane/opt/gcc-arm-none-eabi-8-2018-q4-major/bin/../lib/gcc/arm-none-eabi/8.2.1/../../../../arm-none-eabi/lib/thumb/v7-m/nofp/libg_nano.a(lib_a-memmove.o)
                0x0000000008002a60                memmove
 .text._realloc_r
                0x0000000008002a94       0x4c /Users/atakane/opt/gcc-arm-none-eabi-8-2018-q4-major/bin/../lib/gcc/arm-none-eabi/8.2.1/../../../../arm-none-eabi/lib/thumb/v7-m/nofp/libg_nano.a(lib_a-nano-reallocr.o)
                0x0000000008002a94                _realloc_r
 .text._malloc_usable_size_r
                0x0000000008002ae0       0x10 /Users/atakane/opt/gcc-arm-none-eabi-8-2018-q4-major/bin/../lib/gcc/arm-none-eabi/8.2.1/../../../../arm-none-eabi/lib/thumb/v7-m/nofp/libg_nano.a(lib_a-nano-msizer.o)
                0x0000000008002ae0                _malloc_usable_size_r
 *(.rodata .rodata.* .constdata .constdata.*)
 .rodata.EXTI_Init.str1.4
                0x0000000008002af0       0x31 ./system/src/stm32f1-stdperiph/stm32f10x_exti.o
 *fill*         0x0000000008002b21        0x3 
 .rodata.FLASH_SetLatency.str1.4
                0x0000000008002b24       0x32 ./system/src/stm32f1-stdperiph/stm32f10x_flash.o
 *fill*         0x0000000008002b56        0x2 
 .rodata.GPIO_DeInit.str1.4
                0x0000000008002b58       0x31 ./system/src/stm32f1-stdperiph/stm32f10x_gpio.o
 *fill*         0x0000000008002b89        0x3 
 .rodata.RCC_HSEConfig.str1.4
                0x0000000008002b8c       0x30 ./system/src/stm32f1-stdperiph/stm32f10x_rcc.o
 .rodata.SPI_I2S_DeInit.str1.4
                0x0000000008002bbc       0x30 ./system/src/stm32f1-stdperiph/stm32f10x_spi.o
 .rodata.abort.str1.4
                0x0000000008002bec       0x14 ./system/src/newlib/_exit.o
 .rodata.assert_failed.str1.4
                0x0000000008002c00       0x2b ./system/src/newlib/assert.o
 .rodata.trace_puts.str1.4
                0x0000000008002c2b       0x2b ./system/src/diag/Trace.o
                                          0x2 (size before relaxing)
 *fill*         0x0000000008002c2b        0x1 
 .rodata.dumpExceptionStack.str1.4
                0x0000000008002c2c      0x11a ./system/src/cortexm/exception_handlers.o
 *fill*         0x0000000008002d46        0x2 
 .rodata.str1.4
                0x0000000008002d48       0x2a ./system/src/cortexm/exception_handlers.o
 *fill*         0x0000000008002d72        0x2 
 .rodata.InterruptExec.str1.4
                0x0000000008002d74        0x6 ./src/main.o
 *fill*         0x0000000008002d7a        0x2 
 .rodata.Sock.str1.4
                0x0000000008002d7c      0x118 ./src/main.o
 .rodata.main.str1.4
                0x0000000008002e94       0xb8 ./src/main.o
                                         0xb6 (size before relaxing)
 .rodata.__sf_fake_stderr
                0x0000000008002f4c       0x20 /Users/atakane/opt/gcc-arm-none-eabi-8-2018-q4-major/bin/../lib/gcc/arm-none-eabi/8.2.1/../../../../arm-none-eabi/lib/thumb/v7-m/nofp/libg_nano.a(lib_a-findfp.o)
                0x0000000008002f4c                __sf_fake_stderr
 .rodata.__sf_fake_stdin
                0x0000000008002f6c       0x20 /Users/atakane/opt/gcc-arm-none-eabi-8-2018-q4-major/bin/../lib/gcc/arm-none-eabi/8.2.1/../../../../arm-none-eabi/lib/thumb/v7-m/nofp/libg_nano.a(lib_a-findfp.o)
                0x0000000008002f6c                __sf_fake_stdin
 .rodata.__sf_fake_stdout
                0x0000000008002f8c       0x20 /Users/atakane/opt/gcc-arm-none-eabi-8-2018-q4-major/bin/../lib/gcc/arm-none-eabi/8.2.1/../../../../arm-none-eabi/lib/thumb/v7-m/nofp/libg_nano.a(lib_a-findfp.o)
                0x0000000008002f8c                __sf_fake_stdout
 .rodata._svfprintf_r.str1.1
                0x0000000008002fac       0x11 /Users/atakane/opt/gcc-arm-none-eabi-8-2018-q4-major/bin/../lib/gcc/arm-none-eabi/8.2.1/../../../../arm-none-eabi/lib/thumb/v7-m/nofp/libg_nano.a(lib_a-nano-svfprintf.o)
 .rodata._printf_i.str1.1
                0x0000000008002fbd       0x22 /Users/atakane/opt/gcc-arm-none-eabi-8-2018-q4-major/bin/../lib/gcc/arm-none-eabi/8.2.1/../../../../arm-none-eabi/lib/thumb/v7-m/nofp/libg_nano.a(lib_a-nano-vfprintf_i.o)
 *(vtable)
 *(.eh_frame*)
 *(.glue_7)
 .glue_7        0x0000000008002fdf        0x0 linker stubs
 *(.glue_7t)
 .glue_7t       0x0000000008002fdf        0x0 linker stubs

.vfp11_veneer   0x0000000008002fe0        0x0
 .vfp11_veneer  0x0000000008002fe0        0x0 linker stubs

.v4_bx          0x0000000008002fe0        0x0
 .v4_bx         0x0000000008002fe0        0x0 linker stubs

.iplt           0x0000000008002fe0        0x0
 .iplt          0x0000000008002fe0        0x0 ./system/src/stm32f1-stdperiph/stm32f10x_exti.o

.rel.dyn        0x0000000008002fe0        0x0
 .rel.iplt      0x0000000008002fe0        0x0 ./system/src/stm32f1-stdperiph/stm32f10x_exti.o

.ARM.extab
 *(.ARM.extab* .gnu.linkonce.armextab.*)
                0x0000000008002fe0                . = ALIGN (0x4)
                0x0000000008002fe0                __exidx_start = .

.ARM.exidx
 *(.ARM.exidx* .gnu.linkonce.armexidx.*)
                0x0000000008002fe0                __exidx_end = .
                0x0000000008002fe0                . = ALIGN (0x4)
                0x0000000008002fe0                _etext = .
                0x0000000008002fe0                __etext = .

.data_CCMRAM    0x0000000000000000        0x0 load address 0x0000000008002fe0
 FILL mask 0xff
 *(.data.CCMRAM .data.CCMRAM.*)
                0x0000000000000000                . = ALIGN (0x4)
                0x0000000008002fe0                _sidata = LOADADDR (.data)

.data           0x0000000020000000       0xc0 load address 0x0000000008002fe0
 FILL mask 0xff
                0x0000000020000000                _sdata = .
                0x0000000020000000                __data_start__ = .
 *(.data_begin .data_begin.*)
 .data_begin    0x0000000020000000        0x4 ./system/src/newlib/_startup.o
 *(.data .data.*)
 .data.argv.4374
                0x0000000020000004        0x8 ./system/src/newlib/_syscalls.o
 .data.AHBPrescTable
                0x000000002000000c       0x10 ./system/src/cmsis/system_stm32f10x.o
                0x000000002000000c                AHBPrescTable
 .data.SystemCoreClock
                0x000000002000001c        0x4 ./system/src/cmsis/system_stm32f10x.o
                0x000000002000001c                SystemCoreClock
 .data.bufSize  0x0000000020000020        0x8 ./src/main.o
                0x0000000020000020                bufSize
 .data.sock_any_port
                0x0000000020000028        0x2 ./ioLibrary_Driver/Ethernet/socket.o
 *fill*         0x000000002000002a        0x2 ff
 .data.WIZCHIP  0x000000002000002c       0x2c ./ioLibrary_Driver/Ethernet/wizchip_conf.o
                0x000000002000002c                WIZCHIP
 .data._impure_ptr
                0x0000000020000058        0x4 /Users/atakane/opt/gcc-arm-none-eabi-8-2018-q4-major/bin/../lib/gcc/arm-none-eabi/8.2.1/../../../../arm-none-eabi/lib/thumb/v7-m/nofp/libg_nano.a(lib_a-impure.o)
                0x0000000020000058                _impure_ptr
 .data.impure_data
                0x000000002000005c       0x60 /Users/atakane/opt/gcc-arm-none-eabi-8-2018-q4-major/bin/../lib/gcc/arm-none-eabi/8.2.1/../../../../arm-none-eabi/lib/thumb/v7-m/nofp/libg_nano.a(lib_a-impure.o)
 *(.data_end .data_end.*)
 .data_end      0x00000000200000bc        0x4 ./system/src/newlib/_startup.o
                0x00000000200000c0                . = ALIGN (0x4)
                0x00000000200000c0                _edata = .
                0x00000000200000c0                __data_end__ = .

.igot.plt       0x00000000200000c0        0x0 load address 0x00000000080030a0
 .igot.plt      0x00000000200000c0        0x0 ./system/src/stm32f1-stdperiph/stm32f10x_exti.o

.bss_CCMRAM     0x0000000000000000        0x0
 *(.bss.CCMRAM .bss.CCMRAM.*)

.bss            0x00000000200000c0       0xe8
                0x00000000200000c0                __bss_start__ = .
                0x00000000200000c0                _sbss = .
 *(.bss_begin .bss_begin.*)
 .bss_begin     0x00000000200000c0        0x4 ./system/src/newlib/_startup.o
 *(.bss .bss.*)
 .bss.current_heap_end.4004
                0x00000000200000c4        0x4 ./system/src/newlib/_sbrk.o
 .bss.name.4373
                0x00000000200000c8        0x1 ./system/src/newlib/_syscalls.o
 *fill*         0x00000000200000c9        0x3 
 .bss.buf.5248  0x00000000200000cc       0x80 ./system/src/diag/Trace.o
 .bss.sysTickCnt
                0x000000002000014c        0x4 ./src/delay.o
 .bss.sock_io_mode
                0x0000000020000150        0x2 ./ioLibrary_Driver/Ethernet/socket.o
 .bss.sock_is_sending
                0x0000000020000152        0x2 ./ioLibrary_Driver/Ethernet/socket.o
 .bss.sock_pack_info
                0x0000000020000154        0x8 ./ioLibrary_Driver/Ethernet/socket.o
                0x0000000020000154                sock_pack_info
 .bss.sock_remained_size
                0x000000002000015c       0x10 ./ioLibrary_Driver/Ethernet/socket.o
 .bss._DHCP_    0x000000002000016c        0x1 ./ioLibrary_Driver/Ethernet/wizchip_conf.o
 *fill*         0x000000002000016d        0x3 
 .bss._DNS_     0x0000000020000170        0x4 ./ioLibrary_Driver/Ethernet/wizchip_conf.o
 .bss.__malloc_free_list
                0x0000000020000174        0x4 /Users/atakane/opt/gcc-arm-none-eabi-8-2018-q4-major/bin/../lib/gcc/arm-none-eabi/8.2.1/../../../../arm-none-eabi/lib/thumb/v7-m/nofp/libg_nano.a(lib_a-nano-mallocr.o)
                0x0000000020000174                __malloc_free_list
 .bss.__malloc_sbrk_start
                0x0000000020000178        0x4 /Users/atakane/opt/gcc-arm-none-eabi-8-2018-q4-major/bin/../lib/gcc/arm-none-eabi/8.2.1/../../../../arm-none-eabi/lib/thumb/v7-m/nofp/libg_nano.a(lib_a-nano-mallocr.o)
                0x0000000020000178                __malloc_sbrk_start
 *(COMMON)
 COMMON         0x000000002000017c        0x4 ./system/src/newlib/_syscalls.o
                0x000000002000017c                errno
 COMMON         0x0000000020000180       0x19 ./src/main.o
                0x0000000020000180                rcvBuf
                0x0000000020000194                retVal
                0x0000000020000196                rcvLen
                0x0000000020000198                sockStatus
 COMMON         0x0000000020000199        0x9 /Users/atakane/opt/gcc-arm-none-eabi-8-2018-q4-major/bin/../lib/gcc/arm-none-eabi/8.2.1/../../../../arm-none-eabi/lib/thumb/v7-m/nofp/libg_nano.a(lib_a-lock.o)
                0x0000000020000199                __lock___atexit_recursive_mutex
                0x000000002000019a                __lock___arc4random_mutex
                0x000000002000019b                __lock___env_recursive_mutex
                0x000000002000019c                __lock___sinit_recursive_mutex
                0x000000002000019d                __lock___malloc_recursive_mutex
                0x000000002000019e                __lock___at_quick_exit_mutex
                0x000000002000019f                __lock___dd_hash_mutex
                0x00000000200001a0                __lock___tz_mutex
                0x00000000200001a1                __lock___sfp_recursive_mutex
 *(.bss_end .bss_end.*)
 *fill*         0x00000000200001a2        0x2 
 .bss_end       0x00000000200001a4        0x4 ./system/src/newlib/_startup.o
                0x00000000200001a8                . = ALIGN (0x4)
                0x00000000200001a8                __bss_end__ = .
                0x00000000200001a8                _ebss = .

.noinit_CCMRAM
 *(.noinit.CCMRAM .noinit.CCMRAM.*)

.noinit         0x00000000200001a8        0x0
                0x00000000200001a8                _noinit = .
 *(.noinit .noinit.*)
                0x00000000200001a8                . = ALIGN (0x4)
                0x00000000200001a8                _end_noinit = .
                [!provide]                        PROVIDE (end = _end_noinit)
                [!provide]                        PROVIDE (_end = _end_noinit)
                [!provide]                        PROVIDE (__end = _end_noinit)
                [!provide]                        PROVIDE (__end__ = _end_noinit)

._check_stack   0x00000000200001a8      0x100
                0x00000000200002a8                . = (. + _Minimum_Stack_Size)
 *fill*         0x00000000200001a8      0x100 

.b1text
 *(.b1text)
 *(.b1rodata)
 *(.b1rodata.*)

.eb0text
 *(.eb0text)
 *(.eb0rodata)
 *(.eb0rodata.*)

.eb1text
 *(.eb1text)
 *(.eb1rodata)
 *(.eb1rodata.*)

.eb2text
 *(.eb2text)
 *(.eb2rodata)
 *(.eb2rodata.*)

.eb3text
 *(.eb3text)
 *(.eb3rodata)
 *(.eb3rodata.*)

.stab
 *(.stab)

.stabstr
 *(.stabstr)

.stab.excl
 *(.stab.excl)

.stab.exclstr
 *(.stab.exclstr)

.stab.index
 *(.stab.index)

.stab.indexstr
 *(.stab.indexstr)

.comment        0x0000000000000000       0x75
 *(.comment)
 .comment       0x0000000000000000       0x75 ./system/src/stm32f1-stdperiph/stm32f10x_exti.o
                                         0x76 (size before relaxing)
 .comment       0x0000000000000075       0x76 ./system/src/stm32f1-stdperiph/stm32f10x_flash.o
 .comment       0x0000000000000075       0x76 ./system/src/stm32f1-stdperiph/stm32f10x_gpio.o
 .comment       0x0000000000000075       0x76 ./system/src/stm32f1-stdperiph/stm32f10x_rcc.o
 .comment       0x0000000000000075       0x76 ./system/src/stm32f1-stdperiph/stm32f10x_spi.o
 .comment       0x0000000000000075       0x76 ./system/src/newlib/_exit.o
 .comment       0x0000000000000075       0x76 ./system/src/newlib/_sbrk.o
 .comment       0x0000000000000075       0x76 ./system/src/newlib/_startup.o
 .comment       0x0000000000000075       0x76 ./system/src/newlib/_syscalls.o
 .comment       0x0000000000000075       0x76 ./system/src/newlib/assert.o
 .comment       0x0000000000000075       0x76 ./system/src/diag/Trace.o
 .comment       0x0000000000000075       0x76 ./system/src/diag/trace_impl.o
 .comment       0x0000000000000075       0x76 ./system/src/cortexm/_initialize_hardware.o
 .comment       0x0000000000000075       0x76 ./system/src/cortexm/exception_handlers.o
 .comment       0x0000000000000075       0x76 ./system/src/cmsis/system_stm32f10x.o
 .comment       0x0000000000000075       0x76 ./system/src/cmsis/vectors_stm32f10x.o
 .comment       0x0000000000000075       0x76 ./src/delay.o
 .comment       0x0000000000000075       0x76 ./src/main.o
 .comment       0x0000000000000075       0x76 ./ioLibrary_Driver/Ethernet/W5500/w5500.o
 .comment       0x0000000000000075       0x76 ./ioLibrary_Driver/Ethernet/socket.o
 .comment       0x0000000000000075       0x76 ./ioLibrary_Driver/Ethernet/wizchip_conf.o

.ARM.attributes
                0x0000000000000000       0x2b
 .ARM.attributes
                0x0000000000000000       0x2d ./system/src/stm32f1-stdperiph/stm32f10x_exti.o
 .ARM.attributes
                0x000000000000002d       0x2d ./system/src/stm32f1-stdperiph/stm32f10x_flash.o
 .ARM.attributes
                0x000000000000005a       0x2d ./system/src/stm32f1-stdperiph/stm32f10x_gpio.o
 .ARM.attributes
                0x0000000000000087       0x2d ./system/src/stm32f1-stdperiph/stm32f10x_rcc.o
 .ARM.attributes
                0x00000000000000b4       0x2d ./system/src/stm32f1-stdperiph/stm32f10x_spi.o
 .ARM.attributes
                0x00000000000000e1       0x2d ./system/src/newlib/_exit.o
 .ARM.attributes
                0x000000000000010e       0x2d ./system/src/newlib/_sbrk.o
 .ARM.attributes
                0x000000000000013b       0x2d ./system/src/newlib/_startup.o
 .ARM.attributes
                0x0000000000000168       0x2d ./system/src/newlib/_syscalls.o
 .ARM.attributes
                0x0000000000000195       0x2d ./system/src/newlib/assert.o
 .ARM.attributes
                0x00000000000001c2       0x2d ./system/src/diag/Trace.o
 .ARM.attributes
                0x00000000000001ef       0x2d ./system/src/diag/trace_impl.o
 .ARM.attributes
                0x000000000000021c       0x2d ./system/src/cortexm/_initialize_hardware.o
 .ARM.attributes
                0x0000000000000249       0x2d ./system/src/cortexm/exception_handlers.o
 .ARM.attributes
                0x0000000000000276       0x2d ./system/src/cmsis/system_stm32f10x.o
 .ARM.attributes
                0x00000000000002a3       0x2d ./system/src/cmsis/vectors_stm32f10x.o
 .ARM.attributes
                0x00000000000002d0       0x2d ./src/delay.o
 .ARM.attributes
                0x00000000000002fd       0x2d ./src/main.o
 .ARM.attributes
                0x000000000000032a       0x2d ./ioLibrary_Driver/Ethernet/W5500/w5500.o
 .ARM.attributes
                0x0000000000000357       0x2d ./ioLibrary_Driver/Ethernet/socket.o
 .ARM.attributes
                0x0000000000000384       0x2d ./ioLibrary_Driver/Ethernet/wizchip_conf.o
 .ARM.attributes
                0x00000000000003b1       0x2d /Users/atakane/opt/gcc-arm-none-eabi-8-2018-q4-major/bin/../lib/gcc/arm-none-eabi/8.2.1/../../../../arm-none-eabi/lib/thumb/v7-m/nofp/libg_nano.a(lib_a-errno.o)
 .ARM.attributes
                0x00000000000003de       0x2d /Users/atakane/opt/gcc-arm-none-eabi-8-2018-q4-major/bin/../lib/gcc/arm-none-eabi/8.2.1/../../../../arm-none-eabi/lib/thumb/v7-m/nofp/libg_nano.a(lib_a-impure.o)
 .ARM.attributes
                0x000000000000040b       0x2d /Users/atakane/opt/gcc-arm-none-eabi-8-2018-q4-major/bin/../lib/gcc/arm-none-eabi/8.2.1/../../../../arm-none-eabi/lib/thumb/v7-m/nofp/libg_nano.a(lib_a-memcpy-stub.o)
 .ARM.attributes
                0x0000000000000438       0x2d /Users/atakane/opt/gcc-arm-none-eabi-8-2018-q4-major/bin/../lib/gcc/arm-none-eabi/8.2.1/../../../../arm-none-eabi/lib/thumb/v7-m/nofp/libg_nano.a(lib_a-memset.o)
 .ARM.attributes
                0x0000000000000465       0x2d /Users/atakane/opt/gcc-arm-none-eabi-8-2018-q4-major/bin/../lib/gcc/arm-none-eabi/8.2.1/../../../../arm-none-eabi/lib/thumb/v7-m/nofp/libg_nano.a(lib_a-nano-freer.o)
 .ARM.attributes
                0x0000000000000492       0x2d /Users/atakane/opt/gcc-arm-none-eabi-8-2018-q4-major/bin/../lib/gcc/arm-none-eabi/8.2.1/../../../../arm-none-eabi/lib/thumb/v7-m/nofp/libg_nano.a(lib_a-nano-mallocr.o)
 .ARM.attributes
                0x00000000000004bf       0x2d /Users/atakane/opt/gcc-arm-none-eabi-8-2018-q4-major/bin/../lib/gcc/arm-none-eabi/8.2.1/../../../../arm-none-eabi/lib/thumb/v7-m/nofp/libg_nano.a(lib_a-sbrkr.o)
 .ARM.attributes
                0x00000000000004ec       0x2d /Users/atakane/opt/gcc-arm-none-eabi-8-2018-q4-major/bin/../lib/gcc/arm-none-eabi/8.2.1/../../../../arm-none-eabi/lib/thumb/v7-m/nofp/libg_nano.a(lib_a-sprintf.o)
 .ARM.attributes
                0x0000000000000519       0x17 /Users/atakane/opt/gcc-arm-none-eabi-8-2018-q4-major/bin/../lib/gcc/arm-none-eabi/8.2.1/../../../../arm-none-eabi/lib/thumb/v7-m/nofp/libg_nano.a(lib_a-strlen.o)
 .ARM.attributes
                0x0000000000000530       0x2d /Users/atakane/opt/gcc-arm-none-eabi-8-2018-q4-major/bin/../lib/gcc/arm-none-eabi/8.2.1/../../../../arm-none-eabi/lib/thumb/v7-m/nofp/libg_nano.a(lib_a-strstr.o)
 .ARM.attributes
                0x000000000000055d       0x2d /Users/atakane/opt/gcc-arm-none-eabi-8-2018-q4-major/bin/../lib/gcc/arm-none-eabi/8.2.1/../../../../arm-none-eabi/lib/thumb/v7-m/nofp/libg_nano.a(lib_a-vsnprintf.o)
 .ARM.attributes
                0x000000000000058a       0x2d /Users/atakane/opt/gcc-arm-none-eabi-8-2018-q4-major/bin/../lib/gcc/arm-none-eabi/8.2.1/../../../../arm-none-eabi/lib/thumb/v7-m/nofp/libg_nano.a(lib_a-findfp.o)
 .ARM.attributes
                0x00000000000005b7       0x2d /Users/atakane/opt/gcc-arm-none-eabi-8-2018-q4-major/bin/../lib/gcc/arm-none-eabi/8.2.1/../../../../arm-none-eabi/lib/thumb/v7-m/nofp/libg_nano.a(lib_a-lock.o)
 .ARM.attributes
                0x00000000000005e4       0x2d /Users/atakane/opt/gcc-arm-none-eabi-8-2018-q4-major/bin/../lib/gcc/arm-none-eabi/8.2.1/../../../../arm-none-eabi/lib/thumb/v7-m/nofp/libg_nano.a(lib_a-mlock.o)
 .ARM.attributes
                0x0000000000000611       0x2d /Users/atakane/opt/gcc-arm-none-eabi-8-2018-q4-major/bin/../lib/gcc/arm-none-eabi/8.2.1/../../../../arm-none-eabi/lib/thumb/v7-m/nofp/libg_nano.a(lib_a-nano-svfprintf.o)
 .ARM.attributes
                0x000000000000063e       0x2d /Users/atakane/opt/gcc-arm-none-eabi-8-2018-q4-major/bin/../lib/gcc/arm-none-eabi/8.2.1/../../../../arm-none-eabi/lib/thumb/v7-m/nofp/libg_nano.a(lib_a-nano-vfprintf_i.o)
 .ARM.attributes
                0x000000000000066b       0x2d /Users/atakane/opt/gcc-arm-none-eabi-8-2018-q4-major/bin/../lib/gcc/arm-none-eabi/8.2.1/../../../../arm-none-eabi/lib/thumb/v7-m/nofp/libg_nano.a(lib_a-memchr-stub.o)
 .ARM.attributes
                0x0000000000000698       0x2d /Users/atakane/opt/gcc-arm-none-eabi-8-2018-q4-major/bin/../lib/gcc/arm-none-eabi/8.2.1/../../../../arm-none-eabi/lib/thumb/v7-m/nofp/libg_nano.a(lib_a-memmove.o)
 .ARM.attributes
                0x00000000000006c5       0x2d /Users/atakane/opt/gcc-arm-none-eabi-8-2018-q4-major/bin/../lib/gcc/arm-none-eabi/8.2.1/../../../../arm-none-eabi/lib/thumb/v7-m/nofp/libg_nano.a(lib_a-nano-reallocr.o)
 .ARM.attributes
                0x00000000000006f2       0x2d /Users/atakane/opt/gcc-arm-none-eabi-8-2018-q4-major/bin/../lib/gcc/arm-none-eabi/8.2.1/../../../../arm-none-eabi/lib/thumb/v7-m/nofp/libg_nano.a(lib_a-nano-msizer.o)

.debug
 *(.debug)

.line
 *(.line)

.debug_srcinfo
 *(.debug_srcinfo)

.debug_sfnames
 *(.debug_sfnames)

.debug_aranges  0x0000000000000000      0x900
 *(.debug_aranges)
 .debug_aranges
                0x0000000000000000       0x58 ./system/src/stm32f1-stdperiph/stm32f10x_exti.o
 .debug_aranges
                0x0000000000000058       0xf8 ./system/src/stm32f1-stdperiph/stm32f10x_flash.o
 .debug_aranges
                0x0000000000000150       0xa8 ./system/src/stm32f1-stdperiph/stm32f10x_gpio.o
 .debug_aranges
                0x00000000000001f8      0x118 ./system/src/stm32f1-stdperiph/stm32f10x_rcc.o
 .debug_aranges
                0x0000000000000310       0xd0 ./system/src/stm32f1-stdperiph/stm32f10x_spi.o
 .debug_aranges
                0x00000000000003e0       0x28 ./system/src/newlib/_exit.o
 .debug_aranges
                0x0000000000000408       0x20 ./system/src/newlib/_sbrk.o
 .debug_aranges
                0x0000000000000428       0x40 ./system/src/newlib/_startup.o
 .debug_aranges
                0x0000000000000468       0x30 ./system/src/newlib/_syscalls.o
 .debug_aranges
                0x0000000000000498       0x28 ./system/src/newlib/assert.o
 .debug_aranges
                0x00000000000004c0       0x38 ./system/src/diag/Trace.o
 .debug_aranges
                0x00000000000004f8       0x30 ./system/src/diag/trace_impl.o
 .debug_aranges
                0x0000000000000528       0x28 ./system/src/cortexm/_initialize_hardware.o
 .debug_aranges
                0x0000000000000550       0x90 ./system/src/cortexm/exception_handlers.o
 .debug_aranges
                0x00000000000005e0       0x38 ./system/src/cmsis/system_stm32f10x.o
 .debug_aranges
                0x0000000000000618       0x20 ./system/src/cmsis/vectors_stm32f10x.o
 .debug_aranges
                0x0000000000000638       0x40 ./src/delay.o
 .debug_aranges
                0x0000000000000678       0x78 ./src/main.o
 .debug_aranges
                0x00000000000006f0       0x60 ./ioLibrary_Driver/Ethernet/W5500/w5500.o
 .debug_aranges
                0x0000000000000750       0x78 ./ioLibrary_Driver/Ethernet/socket.o
 .debug_aranges
                0x00000000000007c8      0x138 ./ioLibrary_Driver/Ethernet/wizchip_conf.o

.debug_pubnames
 *(.debug_pubnames)

.debug_info     0x0000000000000000     0xeef3
 *(.debug_info .gnu.linkonce.wi.*)
 .debug_info    0x0000000000000000      0x4bb ./system/src/stm32f1-stdperiph/stm32f10x_exti.o
 .debug_info    0x00000000000004bb      0xce1 ./system/src/stm32f1-stdperiph/stm32f10x_flash.o
 .debug_info    0x000000000000119c      0xce4 ./system/src/stm32f1-stdperiph/stm32f10x_gpio.o
 .debug_info    0x0000000000001e80      0xdbb ./system/src/stm32f1-stdperiph/stm32f10x_rcc.o
 .debug_info    0x0000000000002c3b     0x1113 ./system/src/stm32f1-stdperiph/stm32f10x_spi.o
 .debug_info    0x0000000000003d4e      0x9e7 ./system/src/newlib/_exit.o
 .debug_info    0x0000000000004735      0x9d4 ./system/src/newlib/_sbrk.o
 .debug_info    0x0000000000005109      0x4ce ./system/src/newlib/_startup.o
 .debug_info    0x00000000000055d7      0xab9 ./system/src/newlib/_syscalls.o
 .debug_info    0x0000000000006090      0xaaa ./system/src/newlib/assert.o
 .debug_info    0x0000000000006b3a      0xbdb ./system/src/diag/Trace.o
 .debug_info    0x0000000000007715      0x3be ./system/src/diag/trace_impl.o
 .debug_info    0x0000000000007ad3      0x2d6 ./system/src/cortexm/_initialize_hardware.o
 .debug_info    0x0000000000007da9     0x127b ./system/src/cortexm/exception_handlers.o
 .debug_info    0x0000000000009024      0x4e0 ./system/src/cmsis/system_stm32f10x.o
 .debug_info    0x0000000000009504       0xce ./system/src/cmsis/vectors_stm32f10x.o
 .debug_info    0x00000000000095d2      0x688 ./src/delay.o
 .debug_info    0x0000000000009c5a     0x20e8 ./src/main.o
 .debug_info    0x000000000000bd42      0x960 ./ioLibrary_Driver/Ethernet/W5500/w5500.o
 .debug_info    0x000000000000c6a2     0x14b8 ./ioLibrary_Driver/Ethernet/socket.o
 .debug_info    0x000000000000db5a     0x1399 ./ioLibrary_Driver/Ethernet/wizchip_conf.o

.debug_abbrev   0x0000000000000000     0x2f3d
 *(.debug_abbrev)
 .debug_abbrev  0x0000000000000000      0x1e2 ./system/src/stm32f1-stdperiph/stm32f10x_exti.o
 .debug_abbrev  0x00000000000001e2      0x1fc ./system/src/stm32f1-stdperiph/stm32f10x_flash.o
 .debug_abbrev  0x00000000000003de      0x24b ./system/src/stm32f1-stdperiph/stm32f10x_gpio.o
 .debug_abbrev  0x0000000000000629      0x240 ./system/src/stm32f1-stdperiph/stm32f10x_rcc.o
 .debug_abbrev  0x0000000000000869      0x21d ./system/src/stm32f1-stdperiph/stm32f10x_spi.o
 .debug_abbrev  0x0000000000000a86      0x222 ./system/src/newlib/_exit.o
 .debug_abbrev  0x0000000000000ca8      0x232 ./system/src/newlib/_sbrk.o
 .debug_abbrev  0x0000000000000eda      0x1d7 ./system/src/newlib/_startup.o
 .debug_abbrev  0x00000000000010b1      0x26d ./system/src/newlib/_syscalls.o
 .debug_abbrev  0x000000000000131e      0x222 ./system/src/newlib/assert.o
 .debug_abbrev  0x0000000000001540      0x2c6 ./system/src/diag/Trace.o
 .debug_abbrev  0x0000000000001806      0x221 ./system/src/diag/trace_impl.o
 .debug_abbrev  0x0000000000001a27       0xfc ./system/src/cortexm/_initialize_hardware.o
 .debug_abbrev  0x0000000000001b23      0x372 ./system/src/cortexm/exception_handlers.o
 .debug_abbrev  0x0000000000001e95      0x19d ./system/src/cmsis/system_stm32f10x.o
 .debug_abbrev  0x0000000000002032       0xa5 ./system/src/cmsis/vectors_stm32f10x.o
 .debug_abbrev  0x00000000000020d7      0x21f ./src/delay.o
 .debug_abbrev  0x00000000000022f6      0x3fa ./src/main.o
 .debug_abbrev  0x00000000000026f0      0x288 ./ioLibrary_Driver/Ethernet/W5500/w5500.o
 .debug_abbrev  0x0000000000002978      0x29b ./ioLibrary_Driver/Ethernet/socket.o
 .debug_abbrev  0x0000000000002c13      0x32a ./ioLibrary_Driver/Ethernet/wizchip_conf.o

.debug_line     0x0000000000000000     0xa02d
 *(.debug_line)
 .debug_line    0x0000000000000000      0x69d ./system/src/stm32f1-stdperiph/stm32f10x_exti.o
 .debug_line    0x000000000000069d      0xce5 ./system/src/stm32f1-stdperiph/stm32f10x_flash.o
 .debug_line    0x0000000000001382      0xce8 ./system/src/stm32f1-stdperiph/stm32f10x_gpio.o
 .debug_line    0x000000000000206a      0xdc7 ./system/src/stm32f1-stdperiph/stm32f10x_rcc.o
 .debug_line    0x0000000000002e31      0xd3e ./system/src/stm32f1-stdperiph/stm32f10x_spi.o
 .debug_line    0x0000000000003b6f      0x35e ./system/src/newlib/_exit.o
 .debug_line    0x0000000000003ecd      0x34f ./system/src/newlib/_sbrk.o
 .debug_line    0x000000000000421c      0x570 ./system/src/newlib/_startup.o
 .debug_line    0x000000000000478c      0x45d ./system/src/newlib/_syscalls.o
 .debug_line    0x0000000000004be9      0x3a1 ./system/src/newlib/assert.o
 .debug_line    0x0000000000004f8a      0x43a ./system/src/diag/Trace.o
 .debug_line    0x00000000000053c4      0x6b2 ./system/src/diag/trace_impl.o
 .debug_line    0x0000000000005a76      0x384 ./system/src/cortexm/_initialize_hardware.o
 .debug_line    0x0000000000005dfa      0x89f ./system/src/cortexm/exception_handlers.o
 .debug_line    0x0000000000006699      0x590 ./system/src/cmsis/system_stm32f10x.o
 .debug_line    0x0000000000006c29      0x10f ./system/src/cmsis/vectors_stm32f10x.o
 .debug_line    0x0000000000006d38      0x45c ./src/delay.o
 .debug_line    0x0000000000007194      0xaca ./src/main.o
 .debug_line    0x0000000000007c5e      0x60c ./ioLibrary_Driver/Ethernet/W5500/w5500.o
 .debug_line    0x000000000000826a     0x11bf ./ioLibrary_Driver/Ethernet/socket.o
 .debug_line    0x0000000000009429      0xc04 ./ioLibrary_Driver/Ethernet/wizchip_conf.o

.debug_frame    0x0000000000000000     0x1d9c
 *(.debug_frame)
 .debug_frame   0x0000000000000000       0xc0 ./system/src/stm32f1-stdperiph/stm32f10x_exti.o
 .debug_frame   0x00000000000000c0      0x288 ./system/src/stm32f1-stdperiph/stm32f10x_flash.o
 .debug_frame   0x0000000000000348      0x1e8 ./system/src/stm32f1-stdperiph/stm32f10x_gpio.o
 .debug_frame   0x0000000000000530      0x320 ./system/src/stm32f1-stdperiph/stm32f10x_rcc.o
 .debug_frame   0x0000000000000850      0x27c ./system/src/stm32f1-stdperiph/stm32f10x_spi.o
 .debug_frame   0x0000000000000acc       0x38 ./system/src/newlib/_exit.o
 .debug_frame   0x0000000000000b04       0x28 ./system/src/newlib/_sbrk.o
 .debug_frame   0x0000000000000b2c       0x7c ./system/src/newlib/_startup.o
 .debug_frame   0x0000000000000ba8       0x50 ./system/src/newlib/_syscalls.o
 .debug_frame   0x0000000000000bf8       0x40 ./system/src/newlib/assert.o
 .debug_frame   0x0000000000000c38       0x94 ./system/src/diag/Trace.o
 .debug_frame   0x0000000000000ccc       0x64 ./system/src/diag/trace_impl.o
 .debug_frame   0x0000000000000d30       0x40 ./system/src/cortexm/_initialize_hardware.o
 .debug_frame   0x0000000000000d70      0x158 ./system/src/cortexm/exception_handlers.o
 .debug_frame   0x0000000000000ec8       0x6c ./system/src/cmsis/system_stm32f10x.o
 .debug_frame   0x0000000000000f34       0x20 ./system/src/cmsis/vectors_stm32f10x.o
 .debug_frame   0x0000000000000f54       0x68 ./src/delay.o
 .debug_frame   0x0000000000000fbc      0x144 ./src/main.o
 .debug_frame   0x0000000000001100      0x14c ./ioLibrary_Driver/Ethernet/W5500/w5500.o
 .debug_frame   0x000000000000124c      0x290 ./ioLibrary_Driver/Ethernet/socket.o
 .debug_frame   0x00000000000014dc      0x314 ./ioLibrary_Driver/Ethernet/wizchip_conf.o
 .debug_frame   0x00000000000017f0       0x20 /Users/atakane/opt/gcc-arm-none-eabi-8-2018-q4-major/bin/../lib/gcc/arm-none-eabi/8.2.1/../../../../arm-none-eabi/lib/thumb/v7-m/nofp/libg_nano.a(lib_a-errno.o)
 .debug_frame   0x0000000000001810       0x28 /Users/atakane/opt/gcc-arm-none-eabi-8-2018-q4-major/bin/../lib/gcc/arm-none-eabi/8.2.1/../../../../arm-none-eabi/lib/thumb/v7-m/nofp/libg_nano.a(lib_a-memcpy-stub.o)
 .debug_frame   0x0000000000001838       0x20 /Users/atakane/opt/gcc-arm-none-eabi-8-2018-q4-major/bin/../lib/gcc/arm-none-eabi/8.2.1/../../../../arm-none-eabi/lib/thumb/v7-m/nofp/libg_nano.a(lib_a-memset.o)
 .debug_frame   0x0000000000001858       0x38 /Users/atakane/opt/gcc-arm-none-eabi-8-2018-q4-major/bin/../lib/gcc/arm-none-eabi/8.2.1/../../../../arm-none-eabi/lib/thumb/v7-m/nofp/libg_nano.a(lib_a-nano-freer.o)
 .debug_frame   0x0000000000001890       0x30 /Users/atakane/opt/gcc-arm-none-eabi-8-2018-q4-major/bin/../lib/gcc/arm-none-eabi/8.2.1/../../../../arm-none-eabi/lib/thumb/v7-m/nofp/libg_nano.a(lib_a-nano-mallocr.o)
 .debug_frame   0x00000000000018c0       0x2c /Users/atakane/opt/gcc-arm-none-eabi-8-2018-q4-major/bin/../lib/gcc/arm-none-eabi/8.2.1/../../../../arm-none-eabi/lib/thumb/v7-m/nofp/libg_nano.a(lib_a-sbrkr.o)
 .debug_frame   0x00000000000018ec       0x6c /Users/atakane/opt/gcc-arm-none-eabi-8-2018-q4-major/bin/../lib/gcc/arm-none-eabi/8.2.1/../../../../arm-none-eabi/lib/thumb/v7-m/nofp/libg_nano.a(lib_a-sprintf.o)
 .debug_frame   0x0000000000001958       0x30 /Users/atakane/opt/gcc-arm-none-eabi-8-2018-q4-major/bin/../lib/gcc/arm-none-eabi/8.2.1/../../../../arm-none-eabi/lib/thumb/v7-m/nofp/libg_nano.a(lib_a-strstr.o)
 .debug_frame   0x0000000000001988       0x4c /Users/atakane/opt/gcc-arm-none-eabi-8-2018-q4-major/bin/../lib/gcc/arm-none-eabi/8.2.1/../../../../arm-none-eabi/lib/thumb/v7-m/nofp/libg_nano.a(lib_a-vsnprintf.o)
 .debug_frame   0x00000000000019d4      0x14c /Users/atakane/opt/gcc-arm-none-eabi-8-2018-q4-major/bin/../lib/gcc/arm-none-eabi/8.2.1/../../../../arm-none-eabi/lib/thumb/v7-m/nofp/libg_nano.a(lib_a-findfp.o)
 .debug_frame   0x0000000000001b20       0xb0 /Users/atakane/opt/gcc-arm-none-eabi-8-2018-q4-major/bin/../lib/gcc/arm-none-eabi/8.2.1/../../../../arm-none-eabi/lib/thumb/v7-m/nofp/libg_nano.a(lib_a-lock.o)
 .debug_frame   0x0000000000001bd0       0x30 /Users/atakane/opt/gcc-arm-none-eabi-8-2018-q4-major/bin/../lib/gcc/arm-none-eabi/8.2.1/../../../../arm-none-eabi/lib/thumb/v7-m/nofp/libg_nano.a(lib_a-mlock.o)
 .debug_frame   0x0000000000001c00       0x90 /Users/atakane/opt/gcc-arm-none-eabi-8-2018-q4-major/bin/../lib/gcc/arm-none-eabi/8.2.1/../../../../arm-none-eabi/lib/thumb/v7-m/nofp/libg_nano.a(lib_a-nano-svfprintf.o)
 .debug_frame   0x0000000000001c90       0x60 /Users/atakane/opt/gcc-arm-none-eabi-8-2018-q4-major/bin/../lib/gcc/arm-none-eabi/8.2.1/../../../../arm-none-eabi/lib/thumb/v7-m/nofp/libg_nano.a(lib_a-nano-vfprintf_i.o)
 .debug_frame   0x0000000000001cf0       0x28 /Users/atakane/opt/gcc-arm-none-eabi-8-2018-q4-major/bin/../lib/gcc/arm-none-eabi/8.2.1/../../../../arm-none-eabi/lib/thumb/v7-m/nofp/libg_nano.a(lib_a-memchr-stub.o)
 .debug_frame   0x0000000000001d18       0x28 /Users/atakane/opt/gcc-arm-none-eabi-8-2018-q4-major/bin/../lib/gcc/arm-none-eabi/8.2.1/../../../../arm-none-eabi/lib/thumb/v7-m/nofp/libg_nano.a(lib_a-memmove.o)
 .debug_frame   0x0000000000001d40       0x3c /Users/atakane/opt/gcc-arm-none-eabi-8-2018-q4-major/bin/../lib/gcc/arm-none-eabi/8.2.1/../../../../arm-none-eabi/lib/thumb/v7-m/nofp/libg_nano.a(lib_a-nano-reallocr.o)
 .debug_frame   0x0000000000001d7c       0x20 /Users/atakane/opt/gcc-arm-none-eabi-8-2018-q4-major/bin/../lib/gcc/arm-none-eabi/8.2.1/../../../../arm-none-eabi/lib/thumb/v7-m/nofp/libg_nano.a(lib_a-nano-msizer.o)

.debug_str      0x0000000000000000    0x5bd69
 *(.debug_str)
 .debug_str     0x0000000000000000    0x4e886 ./system/src/stm32f1-stdperiph/stm32f10x_exti.o
                                      0x4ea2d (size before relaxing)
 .debug_str     0x000000000004e886      0x806 ./system/src/stm32f1-stdperiph/stm32f10x_flash.o
                                      0x4f068 (size before relaxing)
 .debug_str     0x000000000004f08c      0x5cd ./system/src/stm32f1-stdperiph/stm32f10x_gpio.o
                                      0x4ee0d (size before relaxing)
 .debug_str     0x000000000004f659      0xb45 ./system/src/stm32f1-stdperiph/stm32f10x_rcc.o
                                      0x4f3dc (size before relaxing)
 .debug_str     0x000000000005019e      0x612 ./system/src/stm32f1-stdperiph/stm32f10x_spi.o
                                      0x4ef36 (size before relaxing)
 .debug_str     0x00000000000507b0     0x4ef1 ./system/src/newlib/_exit.o
                                       0x7e9e (size before relaxing)
 .debug_str     0x00000000000556a1      0x4f5 ./system/src/newlib/_sbrk.o
                                       0x7250 (size before relaxing)
 .debug_str     0x0000000000055b96      0x25b ./system/src/newlib/_startup.o
                                       0x698b (size before relaxing)
 .debug_str     0x0000000000055df1      0xf90 ./system/src/newlib/_syscalls.o
                                       0x823f (size before relaxing)
 .debug_str     0x0000000000056d81       0xd0 ./system/src/newlib/assert.o
                                       0x89a3 (size before relaxing)
 .debug_str     0x0000000000056e51      0x819 ./system/src/diag/Trace.o
                                       0x8616 (size before relaxing)
 .debug_str     0x000000000005766a      0x37b ./system/src/diag/trace_impl.o
                                      0x529fc (size before relaxing)
 .debug_str     0x00000000000579e5       0xb2 ./system/src/cortexm/_initialize_hardware.o
                                      0x4e8f7 (size before relaxing)
 .debug_str     0x0000000000057a97      0x19d ./system/src/cortexm/exception_handlers.o
                                      0x53c21 (size before relaxing)
 .debug_str     0x0000000000057c34       0x72 ./system/src/cmsis/system_stm32f10x.o
                                      0x4e991 (size before relaxing)
 .debug_str     0x0000000000057ca6       0x57 ./system/src/cmsis/vectors_stm32f10x.o
                                       0x3936 (size before relaxing)
 .debug_str     0x0000000000057cfd      0x39e ./src/delay.o
                                      0x4ec29 (size before relaxing)
 .debug_str     0x000000000005809b     0x335e ./src/main.o
                                      0x57a27 (size before relaxing)
 .debug_str     0x000000000005b3f9      0x13c ./ioLibrary_Driver/Ethernet/W5500/w5500.o
                                       0x65ee (size before relaxing)
 .debug_str     0x000000000005b535      0x322 ./ioLibrary_Driver/Ethernet/socket.o
                                       0x6cb9 (size before relaxing)
 .debug_str     0x000000000005b857      0x512 ./ioLibrary_Driver/Ethernet/wizchip_conf.o
                                       0x6e9b (size before relaxing)

.debug_loc      0x0000000000000000     0x663e
 *(.debug_loc)
 .debug_loc     0x0000000000000000      0x277 ./system/src/stm32f1-stdperiph/stm32f10x_exti.o
 .debug_loc     0x0000000000000277      0xaeb ./system/src/stm32f1-stdperiph/stm32f10x_flash.o
 .debug_loc     0x0000000000000d62      0x9f6 ./system/src/stm32f1-stdperiph/stm32f10x_gpio.o
 .debug_loc     0x0000000000001758      0xd2e ./system/src/stm32f1-stdperiph/stm32f10x_rcc.o
 .debug_loc     0x0000000000002486      0xa49 ./system/src/stm32f1-stdperiph/stm32f10x_spi.o
 .debug_loc     0x0000000000002ecf       0x15 ./system/src/newlib/_exit.o
 .debug_loc     0x0000000000002ee4       0x97 ./system/src/newlib/_sbrk.o
 .debug_loc     0x0000000000002f7b      0x2a6 ./system/src/newlib/_startup.o
 .debug_loc     0x0000000000003221       0x6f ./system/src/newlib/_syscalls.o
 .debug_loc     0x0000000000003290      0x160 ./system/src/newlib/assert.o
 .debug_loc     0x00000000000033f0      0x118 ./system/src/diag/Trace.o
 .debug_loc     0x0000000000003508      0x1a1 ./system/src/diag/trace_impl.o
 .debug_loc     0x00000000000036a9      0x35c ./system/src/cortexm/exception_handlers.o
 .debug_loc     0x0000000000003a05       0xff ./system/src/cmsis/system_stm32f10x.o
 .debug_loc     0x0000000000003b04       0x85 ./src/delay.o
 .debug_loc     0x0000000000003b89      0x130 ./src/main.o
 .debug_loc     0x0000000000003cb9      0x5f7 ./ioLibrary_Driver/Ethernet/W5500/w5500.o
 .debug_loc     0x00000000000042b0     0x16d8 ./ioLibrary_Driver/Ethernet/socket.o
 .debug_loc     0x0000000000005988      0xcb6 ./ioLibrary_Driver/Ethernet/wizchip_conf.o

.debug_macinfo
 *(.debug_macinfo)

.debug_weaknames
 *(.debug_weaknames)

.debug_funcnames
 *(.debug_funcnames)

.debug_typenames
 *(.debug_typenames)

.debug_varnames
 *(.debug_varnames)
OUTPUT(W5500TCP_Example.elf elf32-littlearm)

.debug_ranges   0x0000000000000000      0x840
 .debug_ranges  0x0000000000000000       0x48 ./system/src/stm32f1-stdperiph/stm32f10x_exti.o
 .debug_ranges  0x0000000000000048       0xe8 ./system/src/stm32f1-stdperiph/stm32f10x_flash.o
 .debug_ranges  0x0000000000000130       0x98 ./system/src/stm32f1-stdperiph/stm32f10x_gpio.o
 .debug_ranges  0x00000000000001c8      0x108 ./system/src/stm32f1-stdperiph/stm32f10x_rcc.o
 .debug_ranges  0x00000000000002d0       0xc0 ./system/src/stm32f1-stdperiph/stm32f10x_spi.o
 .debug_ranges  0x0000000000000390       0x18 ./system/src/newlib/_exit.o
 .debug_ranges  0x00000000000003a8       0x10 ./system/src/newlib/_sbrk.o
 .debug_ranges  0x00000000000003b8       0x48 ./system/src/newlib/_startup.o
 .debug_ranges  0x0000000000000400       0x20 ./system/src/newlib/_syscalls.o
 .debug_ranges  0x0000000000000420       0x18 ./system/src/newlib/assert.o
 .debug_ranges  0x0000000000000438       0x28 ./system/src/diag/Trace.o
 .debug_ranges  0x0000000000000460       0x38 ./system/src/diag/trace_impl.o
 .debug_ranges  0x0000000000000498       0x18 ./system/src/cortexm/_initialize_hardware.o
 .debug_ranges  0x00000000000004b0       0x98 ./system/src/cortexm/exception_handlers.o
 .debug_ranges  0x0000000000000548       0x28 ./system/src/cmsis/system_stm32f10x.o
 .debug_ranges  0x0000000000000570       0x10 ./system/src/cmsis/vectors_stm32f10x.o
 .debug_ranges  0x0000000000000580       0x30 ./src/delay.o
 .debug_ranges  0x00000000000005b0       0x98 ./src/main.o
 .debug_ranges  0x0000000000000648       0x50 ./ioLibrary_Driver/Ethernet/W5500/w5500.o
 .debug_ranges  0x0000000000000698       0x80 ./ioLibrary_Driver/Ethernet/socket.o
 .debug_ranges  0x0000000000000718      0x128 ./ioLibrary_Driver/Ethernet/wizchip_conf.o

.debug_macro    0x0000000000000000     0x4c13
 .debug_macro   0x0000000000000000      0x171 ./system/src/stm32f1-stdperiph/stm32f10x_exti.o
 .debug_macro   0x0000000000000171       0x97 ./system/src/stm32f1-stdperiph/stm32f10x_exti.o
 .debug_macro   0x0000000000000208      0x213 ./system/src/stm32f1-stdperiph/stm32f10x_flash.o
 .debug_macro   0x000000000000041b      0x2c9 ./system/src/stm32f1-stdperiph/stm32f10x_flash.o
 .debug_macro   0x00000000000006e4      0x1b9 ./system/src/stm32f1-stdperiph/stm32f10x_gpio.o
 .debug_macro   0x000000000000089d      0x2a6 ./system/src/stm32f1-stdperiph/stm32f10x_gpio.o
 .debug_macro   0x0000000000000b43      0x287 ./system/src/stm32f1-stdperiph/stm32f10x_rcc.o
 .debug_macro   0x0000000000000dca      0x3dc ./system/src/stm32f1-stdperiph/stm32f10x_rcc.o
 .debug_macro   0x00000000000011a6      0x1d1 ./system/src/stm32f1-stdperiph/stm32f10x_spi.o
 .debug_macro   0x0000000000001377      0x2be ./system/src/stm32f1-stdperiph/stm32f10x_spi.o
 .debug_macro   0x0000000000001635      0x1b4 ./system/src/newlib/_exit.o
 .debug_macro   0x00000000000017e9       0x34 ./system/src/newlib/_exit.o
 .debug_macro   0x000000000000181d      0x10e ./system/src/newlib/_exit.o
 .debug_macro   0x000000000000192b       0x8d ./system/src/newlib/_exit.o
 .debug_macro   0x00000000000019b8       0x43 ./system/src/newlib/_exit.o
 .debug_macro   0x00000000000019fb      0x339 ./system/src/newlib/_exit.o
 .debug_macro   0x0000000000001d34       0x35 ./system/src/newlib/_exit.o
 .debug_macro   0x0000000000001d69      0x169 ./system/src/newlib/_sbrk.o
 .debug_macro   0x0000000000001ed2      0x174 ./system/src/newlib/_sbrk.o
 .debug_macro   0x0000000000002046       0x10 ./system/src/newlib/_sbrk.o
 .debug_macro   0x0000000000002056      0x23b ./system/src/newlib/_sbrk.o
 .debug_macro   0x0000000000002291      0x173 ./system/src/newlib/_startup.o
 .debug_macro   0x0000000000002404      0x226 ./system/src/newlib/_syscalls.o
 .debug_macro   0x000000000000262a       0x1c ./system/src/newlib/_syscalls.o
 .debug_macro   0x0000000000002646       0x10 ./system/src/newlib/_syscalls.o
 .debug_macro   0x0000000000002656       0x10 ./system/src/newlib/_syscalls.o
 .debug_macro   0x0000000000002666       0x10 ./system/src/newlib/_syscalls.o
 .debug_macro   0x0000000000002676       0x35 ./system/src/newlib/_syscalls.o
 .debug_macro   0x00000000000026ab      0x122 ./system/src/newlib/_syscalls.o
 .debug_macro   0x00000000000027cd       0x88 ./system/src/newlib/_syscalls.o
 .debug_macro   0x0000000000002855       0x7c ./system/src/newlib/_syscalls.o
 .debug_macro   0x00000000000028d1       0x17 ./system/src/newlib/_syscalls.o
 .debug_macro   0x00000000000028e8      0x118 ./system/src/newlib/_syscalls.o
 .debug_macro   0x0000000000002a00      0x189 ./system/src/newlib/_syscalls.o
 .debug_macro   0x0000000000002b89       0x16 ./system/src/newlib/_syscalls.o
 .debug_macro   0x0000000000002b9f      0x1d0 ./system/src/newlib/assert.o
 .debug_macro   0x0000000000002d6f       0x1c ./system/src/newlib/assert.o
 .debug_macro   0x0000000000002d8b      0x1fb ./system/src/diag/Trace.o
 .debug_macro   0x0000000000002f86       0x16 ./system/src/diag/Trace.o
 .debug_macro   0x0000000000002f9c       0x97 ./system/src/diag/Trace.o
 .debug_macro   0x0000000000003033       0xfd ./system/src/diag/Trace.o
 .debug_macro   0x0000000000003130       0x10 ./system/src/diag/Trace.o
 .debug_macro   0x0000000000003140       0x16 ./system/src/diag/Trace.o
 .debug_macro   0x0000000000003156      0x16f ./system/src/diag/Trace.o
 .debug_macro   0x00000000000032c5       0x4c ./system/src/diag/Trace.o
 .debug_macro   0x0000000000003311       0x16 ./system/src/diag/Trace.o
 .debug_macro   0x0000000000003327      0x2da ./system/src/diag/trace_impl.o
 .debug_macro   0x0000000000003601       0x10 ./system/src/diag/trace_impl.o
 .debug_macro   0x0000000000003611       0xcf ./system/src/diag/trace_impl.o
 .debug_macro   0x00000000000036e0       0xbe ./system/src/diag/trace_impl.o
 .debug_macro   0x000000000000379e       0x22 ./system/src/diag/trace_impl.o
 .debug_macro   0x00000000000037c0      0x16b ./system/src/cortexm/_initialize_hardware.o
 .debug_macro   0x000000000000392b      0x324 ./system/src/cortexm/exception_handlers.o
 .debug_macro   0x0000000000003c4f       0x3b ./system/src/cortexm/exception_handlers.o
 .debug_macro   0x0000000000003c8a       0x10 ./system/src/cortexm/exception_handlers.o
 .debug_macro   0x0000000000003c9a      0x16e ./system/src/cmsis/system_stm32f10x.o
 .debug_macro   0x0000000000003e08       0x34 ./system/src/cmsis/vectors_stm32f10x.o
 .debug_macro   0x0000000000003e3c      0x16b ./src/delay.o
 .debug_macro   0x0000000000003fa7      0x3af ./src/main.o
 .debug_macro   0x0000000000004356       0x6c ./src/main.o
 .debug_macro   0x00000000000043c2      0x5e7 ./src/main.o
 .debug_macro   0x00000000000049a9       0x66 ./src/main.o
 .debug_macro   0x0000000000004a0f       0xd8 ./src/main.o
 .debug_macro   0x0000000000004ae7       0x5e ./ioLibrary_Driver/Ethernet/W5500/w5500.o
 .debug_macro   0x0000000000004b45       0x79 ./ioLibrary_Driver/Ethernet/socket.o
 .debug_macro   0x0000000000004bbe       0x55 ./ioLibrary_Driver/Ethernet/wizchip_conf.o
